Component: Arm Compiler for Embedded 6.19 Tool: armlink [5e73cb00]

==============================================================================

Section Cross References

    startup_stm32f103xb.o(RESET) refers to startup_stm32f103xb.o(STACK) for __initial_sp
    startup_stm32f103xb.o(RESET) refers to startup_stm32f103xb.o(.text) for Reset_Handler
    startup_stm32f103xb.o(RESET) refers to stm32f1xx_it.o(.text.NMI_Handler) for NMI_Handler
    startup_stm32f103xb.o(RESET) refers to stm32f1xx_it.o(.text.HardFault_Handler) for HardFault_Handler
    startup_stm32f103xb.o(RESET) refers to stm32f1xx_it.o(.text.MemManage_Handler) for MemManage_Handler
    startup_stm32f103xb.o(RESET) refers to stm32f1xx_it.o(.text.BusFault_Handler) for BusFault_Handler
    startup_stm32f103xb.o(RESET) refers to stm32f1xx_it.o(.text.UsageFault_Handler) for UsageFault_Handler
    startup_stm32f103xb.o(RESET) refers to stm32f1xx_it.o(.text.SVC_Handler) for SVC_Handler
    startup_stm32f103xb.o(RESET) refers to stm32f1xx_it.o(.text.DebugMon_Handler) for DebugMon_Handler
    startup_stm32f103xb.o(RESET) refers to stm32f1xx_it.o(.text.PendSV_Handler) for PendSV_Handler
    startup_stm32f103xb.o(RESET) refers to stm32f1xx_it.o(.text.SysTick_Handler) for SysTick_Handler
    startup_stm32f103xb.o(RESET) refers to stm32f1xx_it.o(.text.USART1_IRQHandler) for USART1_IRQHandler
    startup_stm32f103xb.o(RESET) refers to stm32f1xx_it.o(.text.USART2_IRQHandler) for USART2_IRQHandler
    startup_stm32f103xb.o(.text) refers to system_stm32f1xx.o(.text.SystemInit) for SystemInit
    startup_stm32f103xb.o(.text) refers to entry.o(.ARM.Collect$$$$00000000) for __main
    main.o(.text.main) refers to stm32f1xx_hal.o(.text.HAL_Init) for HAL_Init
    main.o(.text.main) refers to stm32f1xx_hal_rcc.o(.text.HAL_RCC_OscConfig) for HAL_RCC_OscConfig
    main.o(.text.main) refers to stm32f1xx_hal_rcc.o(.text.HAL_RCC_ClockConfig) for HAL_RCC_ClockConfig
    main.o(.text.main) refers to gpio.o(.text.MX_GPIO_Init) for MX_GPIO_Init
    main.o(.text.main) refers to tim.o(.text.MX_TIM2_Init) for MX_TIM2_Init
    main.o(.text.main) refers to usart.o(.text.MX_USART1_UART_Init) for MX_USART1_UART_Init
    main.o(.text.main) refers to usart.o(.text.MX_USART3_UART_Init) for MX_USART3_UART_Init
    main.o(.text.main) refers to usart.o(.text.MX_USART2_UART_Init) for MX_USART2_UART_Init
    main.o(.text.main) refers to tim.o(.text.MX_TIM1_Init) for MX_TIM1_Init
    main.o(.text.main) refers to config_flash.o(.text.Config_ReadFromFlash) for Config_ReadFromFlash
    main.o(.text.main) refers to main.o(.bss..L_MergedGlobals) for .L_MergedGlobals
    main.o(.text.main) refers to tim.o(.bss.htim1) for htim1
    main.o(.text.main) refers to pwm_controller.o(.text.PWM_Init) for PWM_Init
    main.o(.text.main) refers to pwm_controller.o(.text.PWM_Start) for PWM_Start
    main.o(.text.main) refers to config_flash.o(.bss.config_page1) for config_page1
    main.o(.text.main) refers to main.o(.bss.hrs485) for hrs485
    main.o(.text.main) refers to usart.o(.bss.huart1) for huart1
    main.o(.text.main) refers to rs485.o(.text.RS485_Init) for RS485_Init
    main.o(.text.main) refers to main.o(.bss.hrs485_2) for hrs485_2
    main.o(.text.main) refers to usart.o(.bss.huart2) for huart2
    main.o(.text.main) refers to sensor.o(.text.WindSensor_Init) for WindSensor_Init
    main.o(.text.main) refers to command_handler.o(.text.RegisterAllCommandHandlers) for RegisterAllCommandHandlers
    main.o(.text.main) refers to rs485.o(.text.RS485_StartReceive) for RS485_StartReceive
    main.o(.text.main) refers to stm32f1xx_hal.o(.text.HAL_Delay) for HAL_Delay
    main.o(.text.main) refers to rs485.o(.text.RS485_ProcessReceivedFrame) for RS485_ProcessReceivedFrame
    main.o(.text.main) refers to stm32f1xx_hal.o(.text.HAL_GetTick) for HAL_GetTick
    main.o(.text.main) refers to stm32f1xx_hal_gpio.o(.text.HAL_GPIO_TogglePin) for HAL_GPIO_TogglePin
    main.o(.text.main) refers to sensor.o(.text.WindSensor_Update) for WindSensor_Update
    main.o(.ARM.exidx.text.main) refers to main.o(.text.main) for [Anonymous Symbol]
    main.o(.text.SystemClock_Config) refers to stm32f1xx_hal_rcc.o(.text.HAL_RCC_OscConfig) for HAL_RCC_OscConfig
    main.o(.text.SystemClock_Config) refers to stm32f1xx_hal_rcc.o(.text.HAL_RCC_ClockConfig) for HAL_RCC_ClockConfig
    main.o(.ARM.exidx.text.SystemClock_Config) refers to main.o(.text.SystemClock_Config) for [Anonymous Symbol]
    main.o(.ARM.exidx.text.Error_Handler) refers to main.o(.text.Error_Handler) for [Anonymous Symbol]
    main.o(.text.HAL_UART_RxCpltCallback) refers to main.o(.bss.hrs485) for hrs485
    main.o(.text.HAL_UART_RxCpltCallback) refers to rs485.o(.text.RS485_UART_RxCpltCallback) for RS485_UART_RxCpltCallback
    main.o(.ARM.exidx.text.HAL_UART_RxCpltCallback) refers to main.o(.text.HAL_UART_RxCpltCallback) for [Anonymous Symbol]
    gpio.o(.text.MX_GPIO_Init) refers to stm32f1xx_hal_gpio.o(.text.HAL_GPIO_WritePin) for HAL_GPIO_WritePin
[...]
    Removing stm32f1xx_hal_gpio.o(.text.HAL_GPIO_EXTI_IRQHandler), (22 bytes).
    Removing stm32f1xx_hal_gpio.o(.ARM.exidx.text.HAL_GPIO_EXTI_IRQHandler), (8 bytes).
    Removing stm32f1xx_hal_gpio.o(.text.HAL_GPIO_EXTI_Callback), (2 bytes).
    Removing stm32f1xx_hal_gpio.o(.ARM.exidx.text.HAL_GPIO_EXTI_Callback), (8 bytes).
    Removing stm32f1xx_hal_dma.o(.text), (0 bytes).
    Removing stm32f1xx_hal_dma.o(.text.HAL_DMA_Init), (136 bytes).
    Removing stm32f1xx_hal_dma.o(.ARM.exidx.text.HAL_DMA_Init), (8 bytes).
    Removing stm32f1xx_hal_dma.o(.text.HAL_DMA_DeInit), (100 bytes).
    Removing stm32f1xx_hal_dma.o(.ARM.exidx.text.HAL_DMA_DeInit), (8 bytes).
    Removing stm32f1xx_hal_dma.o(.text.HAL_DMA_Start), (108 bytes).
    Removing stm32f1xx_hal_dma.o(.ARM.exidx.text.HAL_DMA_Start), (8 bytes).
    Removing stm32f1xx_hal_dma.o(.text.HAL_DMA_Start_IT), (156 bytes).
    Removing stm32f1xx_hal_dma.o(.ARM.exidx.text.HAL_DMA_Start_IT), (8 bytes).
    Removing stm32f1xx_hal_dma.o(.ARM.exidx.text.HAL_DMA_Abort), (8 bytes).
    Removing stm32f1xx_hal_dma.o(.ARM.exidx.text.HAL_DMA_Abort_IT), (8 bytes).
    Removing stm32f1xx_hal_dma.o(.text.HAL_DMA_PollForTransfer), (1458 bytes).
    Removing stm32f1xx_hal_dma.o(.ARM.exidx.text.HAL_DMA_PollForTransfer), (8 bytes).
    Removing stm32f1xx_hal_dma.o(.text.HAL_DMA_IRQHandler), (416 bytes).
    Removing stm32f1xx_hal_dma.o(.ARM.exidx.text.HAL_DMA_IRQHandler), (8 bytes).
    Removing stm32f1xx_hal_dma.o(.text.HAL_DMA_RegisterCallback), (86 bytes).
    Removing stm32f1xx_hal_dma.o(.ARM.exidx.text.HAL_DMA_RegisterCallback), (8 bytes).
    Removing stm32f1xx_hal_dma.o(.text.HAL_DMA_UnRegisterCallback), (120 bytes).
    Removing stm32f1xx_hal_dma.o(.ARM.exidx.text.HAL_DMA_UnRegisterCallback), (8 bytes).
    Removing stm32f1xx_hal_dma.o(.text.HAL_DMA_GetState), (6 bytes).
    Removing stm32f1xx_hal_dma.o(.ARM.exidx.text.HAL_DMA_GetState), (8 bytes).
    Removing stm32f1xx_hal_dma.o(.text.HAL_DMA_GetError), (4 bytes).
    Removing stm32f1xx_hal_dma.o(.ARM.exidx.text.HAL_DMA_GetError), (8 bytes).
    Removing stm32f1xx_hal_cortex.o(.text), (0 bytes).
    Removing stm32f1xx_hal_cortex.o(.ARM.exidx.text.HAL_NVIC_SetPriorityGrouping), (8 bytes).
    Removing stm32f1xx_hal_cortex.o(.ARM.exidx.text.HAL_NVIC_SetPriority), (8 bytes).
    Removing stm32f1xx_hal_cortex.o(.ARM.exidx.text.HAL_NVIC_EnableIRQ), (8 bytes).
    Removing stm32f1xx_hal_cortex.o(.text.HAL_NVIC_DisableIRQ), (46 bytes).
    Removing stm32f1xx_hal_cortex.o(.ARM.exidx.text.HAL_NVIC_DisableIRQ), (8 bytes).
    Removing stm32f1xx_hal_cortex.o(.text.HAL_NVIC_SystemReset), (4 bytes).
    Removing stm32f1xx_hal_cortex.o(.ARM.exidx.text.HAL_NVIC_SystemReset), (8 bytes).
    Removing stm32f1xx_hal_cortex.o(.text.__NVIC_SystemReset), (42 bytes).
    Removing stm32f1xx_hal_cortex.o(.ARM.exidx.text.__NVIC_SystemReset), (8 bytes).
    Removing stm32f1xx_hal_cortex.o(.ARM.exidx.text.HAL_SYSTICK_Config), (8 bytes).
    Removing stm32f1xx_hal_cortex.o(.text.HAL_NVIC_GetPriorityGrouping), (16 bytes).
    Removing stm32f1xx_hal_cortex.o(.ARM.exidx.text.HAL_NVIC_GetPriorityGrouping), (8 bytes).
    Removing stm32f1xx_hal_cortex.o(.text.HAL_NVIC_GetPriority), (90 bytes).
    Removing stm32f1xx_hal_cortex.o(.ARM.exidx.text.HAL_NVIC_GetPriority), (8 bytes).
    Removing stm32f1xx_hal_cortex.o(.text.HAL_NVIC_SetPendingIRQ), (38 bytes).
    Removing stm32f1xx_hal_cortex.o(.ARM.exidx.text.HAL_NVIC_SetPendingIRQ), (8 bytes).
    Removing stm32f1xx_hal_cortex.o(.text.HAL_NVIC_GetPendingIRQ), (42 bytes).
    Removing stm32f1xx_hal_cortex.o(.ARM.exidx.text.HAL_NVIC_GetPendingIRQ), (8 bytes).
    Removing stm32f1xx_hal_cortex.o(.text.HAL_NVIC_ClearPendingIRQ), (38 bytes).
    Removing stm32f1xx_hal_cortex.o(.ARM.exidx.text.HAL_NVIC_ClearPendingIRQ), (8 bytes).
    Removing stm32f1xx_hal_cortex.o(.text.HAL_NVIC_GetActive), (42 bytes).
    Removing stm32f1xx_hal_cortex.o(.ARM.exidx.text.HAL_NVIC_GetActive), (8 bytes).
    Removing stm32f1xx_hal_cortex.o(.text.HAL_SYSTICK_CLKSourceConfig), (24 bytes).
    Removing stm32f1xx_hal_cortex.o(.ARM.exidx.text.HAL_SYSTICK_CLKSourceConfig), (8 bytes).
    Removing stm32f1xx_hal_cortex.o(.text.HAL_SYSTICK_IRQHandler), (4 bytes).
    Removing stm32f1xx_hal_cortex.o(.ARM.exidx.text.HAL_SYSTICK_IRQHandler), (8 bytes).
    Removing stm32f1xx_hal_cortex.o(.text.HAL_SYSTICK_Callback), (2 bytes).
    Removing stm32f1xx_hal_cortex.o(.ARM.exidx.text.HAL_SYSTICK_Callback), (8 bytes).
    Removing stm32f1xx_hal_pwr.o(.text), (0 bytes).
    Removing stm32f1xx_hal_pwr.o(.text.HAL_PWR_DeInit), (26 bytes).
    Removing stm32f1xx_hal_pwr.o(.ARM.exidx.text.HAL_PWR_DeInit), (8 bytes).
    Removing stm32f1xx_hal_pwr.o(.text.HAL_PWR_EnableBkUpAccess), (12 bytes).
    Removing stm32f1xx_hal_pwr.o(.ARM.exidx.text.HAL_PWR_EnableBkUpAccess), (8 bytes).
    Removing stm32f1xx_hal_pwr.o(.text.HAL_PWR_DisableBkUpAccess), (12 bytes).
    Removing stm32f1xx_hal_pwr.o(.ARM.exidx.text.HAL_PWR_DisableBkUpAccess), (8 bytes).
    Removing stm32f1xx_hal_pwr.o(.text.HAL_PWR_ConfigPVD), (130 bytes).
    Removing stm32f1xx_hal_pwr.o(.ARM.exidx.text.HAL_PWR_ConfigPVD), (8 bytes).
    Removing stm32f1xx_hal_pwr.o(.text.HAL_PWR_EnablePVD), (12 bytes).
    Removing stm32f1xx_hal_pwr.o(.ARM.exidx.text.HAL_PWR_EnablePVD), (8 bytes).
    Removing stm32f1xx_hal_pwr.o(.text.HAL_PWR_DisablePVD), (12 bytes).
    Removing stm32f1xx_hal_pwr.o(.ARM.exidx.text.HAL_PWR_DisablePVD), (8 bytes).
    Removing stm32f1xx_hal_pwr.o(.text.HAL_PWR_EnableWakeUpPin), (22 bytes).
    Removing stm32f1xx_hal_pwr.o(.ARM.exidx.text.HAL_PWR_EnableWakeUpPin), (8 bytes).
    Removing stm32f1xx_hal_pwr.o(.text.HAL_PWR_DisableWakeUpPin), (22 bytes).
    Removing stm32f1xx_hal_pwr.o(.ARM.exidx.text.HAL_PWR_DisableWakeUpPin), (8 bytes).
    Removing stm32f1xx_hal_pwr.o(.text.HAL_PWR_EnterSLEEPMode), (30 bytes).
    Removing stm32f1xx_hal_pwr.o(.ARM.exidx.text.HAL_PWR_EnterSLEEPMode), (8 bytes).
    Removing stm32f1xx_hal_pwr.o(.text.HAL_PWR_EnterSTOPMode), (80 bytes).
    Removing stm32f1xx_hal_pwr.o(.ARM.exidx.text.HAL_PWR_EnterSTOPMode), (8 bytes).
    Removing stm32f1xx_hal_pwr.o(.text.PWR_OverloadWfe), (6 bytes).
    Removing stm32f1xx_hal_pwr.o(.ARM.exidx.text.PWR_OverloadWfe), (8 bytes).
    Removing stm32f1xx_hal_pwr.o(.text.HAL_PWR_EnterSTANDBYMode), (36 bytes).
    Removing stm32f1xx_hal_pwr.o(.ARM.exidx.text.HAL_PWR_EnterSTANDBYMode), (8 bytes).
    Removing stm32f1xx_hal_pwr.o(.text.HAL_PWR_EnableSleepOnExit), (18 bytes).
    Removing stm32f1xx_hal_pwr.o(.ARM.exidx.text.HAL_PWR_EnableSleepOnExit), (8 bytes).
    Removing stm32f1xx_hal_pwr.o(.text.HAL_PWR_DisableSleepOnExit), (18 bytes).
    Removing stm32f1xx_hal_pwr.o(.ARM.exidx.text.HAL_PWR_DisableSleepOnExit), (8 bytes).
    Removing stm32f1xx_hal_pwr.o(.text.HAL_PWR_EnableSEVOnPend), (18 bytes).
    Removing stm32f1xx_hal_pwr.o(.ARM.exidx.text.HAL_PWR_EnableSEVOnPend), (8 bytes).
    Removing stm32f1xx_hal_pwr.o(.text.HAL_PWR_DisableSEVOnPend), (18 bytes).
    Removing stm32f1xx_hal_pwr.o(.ARM.exidx.text.HAL_PWR_DisableSEVOnPend), (8 bytes).
    Removing stm32f1xx_hal_pwr.o(.text.HAL_PWR_PVD_IRQHandler), (30 bytes).
    Removing stm32f1xx_hal_pwr.o(.ARM.exidx.text.HAL_PWR_PVD_IRQHandler), (8 bytes).
    Removing stm32f1xx_hal_pwr.o(.text.HAL_PWR_PVDCallback), (2 bytes).
    Removing stm32f1xx_hal_pwr.o(.ARM.exidx.text.HAL_PWR_PVDCallback), (8 bytes).
    Removing stm32f1xx_hal_flash.o(.text), (0 bytes).
    Removing stm32f1xx_hal_flash.o(.ARM.exidx.text.HAL_FLASH_Program), (8 bytes).
    Removing stm32f1xx_hal_flash.o(.ARM.exidx.text.FLASH_WaitForLastOperation), (8 bytes).
    Removing stm32f1xx_hal_flash.o(.text.HAL_FLASH_Program_IT), (110 bytes).
    Removing stm32f1xx_hal_flash.o(.ARM.exidx.text.HAL_FLASH_Program_IT), (8 bytes).
    Removing stm32f1xx_hal_flash.o(.text.HAL_FLASH_IRQHandler), (372 bytes).
    Removing stm32f1xx_hal_flash.o(.ARM.exidx.text.HAL_FLASH_IRQHandler), (8 bytes).
    Removing stm32f1xx_hal_flash.o(.text.HAL_FLASH_OperationErrorCallback), (2 bytes).
    Removing stm32f1xx_hal_flash.o(.ARM.exidx.text.HAL_FLASH_OperationErrorCallback), (8 bytes).
    Removing stm32f1xx_hal_flash.o(.text.HAL_FLASH_EndOfOperationCallback), (2 bytes).
    Removing stm32f1xx_hal_flash.o(.ARM.exidx.text.HAL_FLASH_EndOfOperationCallback), (8 bytes).
    Removing stm32f1xx_hal_flash.o(.ARM.exidx.text.HAL_FLASH_Unlock), (8 bytes).
    Removing stm32f1xx_hal_flash.o(.ARM.exidx.text.HAL_FLASH_Lock), (8 bytes).
    Removing stm32f1xx_hal_flash.o(.text.HAL_FLASH_OB_Unlock), (42 bytes).
    Removing stm32f1xx_hal_flash.o(.ARM.exidx.text.HAL_FLASH_OB_Unlock), (8 bytes).
    Removing stm32f1xx_hal_flash.o(.text.HAL_FLASH_OB_Lock), (20 bytes).
    Removing stm32f1xx_hal_flash.o(.ARM.exidx.text.HAL_FLASH_OB_Lock), (8 bytes).
    Removing stm32f1xx_hal_flash.o(.text.HAL_FLASH_OB_Launch), (4 bytes).
    Removing stm32f1xx_hal_flash.o(.ARM.exidx.text.HAL_FLASH_OB_Launch), (8 bytes).
    Removing stm32f1xx_hal_flash.o(.text.HAL_FLASH_GetError), (12 bytes).
    Removing stm32f1xx_hal_flash.o(.ARM.exidx.text.HAL_FLASH_GetError), (8 bytes).
    Removing stm32f1xx_hal_flash_ex.o(.text), (0 bytes).
    Removing stm32f1xx_hal_flash_ex.o(.ARM.exidx.text.HAL_FLASHEx_Erase), (8 bytes).
    Removing stm32f1xx_hal_flash_ex.o(.text.FLASH_PageErase), (40 bytes).
    Removing stm32f1xx_hal_flash_ex.o(.ARM.exidx.text.FLASH_PageErase), (8 bytes).
    Removing stm32f1xx_hal_flash_ex.o(.text.HAL_FLASHEx_Erase_IT), (112 bytes).
    Removing stm32f1xx_hal_flash_ex.o(.ARM.exidx.text.HAL_FLASHEx_Erase_IT), (8 bytes).
    Removing stm32f1xx_hal_flash_ex.o(.text.HAL_FLASHEx_OBErase), (174 bytes).
    Removing stm32f1xx_hal_flash_ex.o(.ARM.exidx.text.HAL_FLASHEx_OBErase), (8 bytes).
    Removing stm32f1xx_hal_flash_ex.o(.text.HAL_FLASHEx_OBProgram), (686 bytes).
    Removing stm32f1xx_hal_flash_ex.o(.ARM.exidx.text.HAL_FLASHEx_OBProgram), (8 bytes).
    Removing stm32f1xx_hal_flash_ex.o(.text.HAL_FLASHEx_OBGetConfig), (42 bytes).
    Removing stm32f1xx_hal_flash_ex.o(.ARM.exidx.text.HAL_FLASHEx_OBGetConfig), (8 bytes).
    Removing stm32f1xx_hal_flash_ex.o(.text.HAL_FLASHEx_OBGetUserData), (34 bytes).
    Removing stm32f1xx_hal_flash_ex.o(.ARM.exidx.text.HAL_FLASHEx_OBGetUserData), (8 bytes).
    Removing stm32f1xx_hal_exti.o(.text), (0 bytes).
    Removing stm32f1xx_hal_exti.o(.text.HAL_EXTI_SetConfigLine), (180 bytes).
    Removing stm32f1xx_hal_exti.o(.ARM.exidx.text.HAL_EXTI_SetConfigLine), (8 bytes).
    Removing stm32f1xx_hal_exti.o(.text.HAL_EXTI_GetConfigLine), (152 bytes).
    Removing stm32f1xx_hal_exti.o(.ARM.exidx.text.HAL_EXTI_GetConfigLine), (8 bytes).
    Removing stm32f1xx_hal_exti.o(.text.HAL_EXTI_ClearConfigLine), (136 bytes).
    Removing stm32f1xx_hal_exti.o(.ARM.exidx.text.HAL_EXTI_ClearConfigLine), (8 bytes).
    Removing stm32f1xx_hal_exti.o(.text.HAL_EXTI_RegisterCallback), (12 bytes).
    Removing stm32f1xx_hal_exti.o(.ARM.exidx.text.HAL_EXTI_RegisterCallback), (8 bytes).
    Removing stm32f1xx_hal_exti.o(.text.HAL_EXTI_GetHandle), (12 bytes).
    Removing stm32f1xx_hal_exti.o(.ARM.exidx.text.HAL_EXTI_GetHandle), (8 bytes).
    Removing stm32f1xx_hal_exti.o(.text.HAL_EXTI_IRQHandler), (42 bytes).
    Removing stm32f1xx_hal_exti.o(.ARM.exidx.text.HAL_EXTI_IRQHandler), (8 bytes).
    Removing stm32f1xx_hal_exti.o(.text.HAL_EXTI_GetPending), (28 bytes).
    Removing stm32f1xx_hal_exti.o(.ARM.exidx.text.HAL_EXTI_GetPending), (8 bytes).
    Removing stm32f1xx_hal_exti.o(.text.HAL_EXTI_ClearPending), (24 bytes).
    Removing stm32f1xx_hal_exti.o(.ARM.exidx.text.HAL_EXTI_ClearPending), (8 bytes).
    Removing stm32f1xx_hal_exti.o(.text.HAL_EXTI_GenerateSWI), (24 bytes).
    Removing stm32f1xx_hal_exti.o(.ARM.exidx.text.HAL_EXTI_GenerateSWI), (8 bytes).
    Removing stm32f1xx_hal_uart.o(.text), (0 bytes).
    Removing stm32f1xx_hal_uart.o(.ARM.exidx.text.HAL_UART_Init), (8 bytes).
    Removing stm32f1xx_hal_uart.o(.text.HAL_UART_MspInit), (2 bytes).
    Removing stm32f1xx_hal_uart.o(.ARM.exidx.text.HAL_UART_MspInit), (8 bytes).
    Removing stm32f1xx_hal_uart.o(.text.HAL_HalfDuplex_Init), (234 bytes).
    Removing stm32f1xx_hal_uart.o(.ARM.exidx.text.HAL_HalfDuplex_Init), (8 bytes).
    Removing stm32f1xx_hal_uart.o(.text.HAL_LIN_Init), (248 bytes).
    Removing stm32f1xx_hal_uart.o(.ARM.exidx.text.HAL_LIN_Init), (8 bytes).
    Removing stm32f1xx_hal_uart.o(.text.HAL_MultiProcessor_Init), (258 bytes).
    Removing stm32f1xx_hal_uart.o(.ARM.exidx.text.HAL_MultiProcessor_Init), (8 bytes).
    Removing stm32f1xx_hal_uart.o(.text.HAL_UART_DeInit), (56 bytes).
    Removing stm32f1xx_hal_uart.o(.ARM.exidx.text.HAL_UART_DeInit), (8 bytes).
    Removing stm32f1xx_hal_uart.o(.text.HAL_UART_MspDeInit), (2 bytes).
    Removing stm32f1xx_hal_uart.o(.ARM.exidx.text.HAL_UART_MspDeInit), (8 bytes).
    Removing stm32f1xx_hal_uart.o(.ARM.exidx.text.HAL_UART_Transmit), (8 bytes).
    Removing stm32f1xx_hal_uart.o(.ARM.exidx.text.HAL_UART_Receive), (8 bytes).
    Removing stm32f1xx_hal_uart.o(.text.HAL_UART_Transmit_IT), (56 bytes).
    Removing stm32f1xx_hal_uart.o(.ARM.exidx.text.HAL_UART_Transmit_IT), (8 bytes).
    Removing stm32f1xx_hal_uart.o(.ARM.exidx.text.HAL_UART_Receive_IT), (8 bytes).
    Removing stm32f1xx_hal_uart.o(.text.UART_Start_Receive_IT), (50 bytes).
    Removing stm32f1xx_hal_uart.o(.ARM.exidx.text.UART_Start_Receive_IT), (8 bytes).
    Removing stm32f1xx_hal_uart.o(.text.HAL_UART_Transmit_DMA), (188 bytes).
    Removing stm32f1xx_hal_uart.o(.ARM.exidx.text.HAL_UART_Transmit_DMA), (8 bytes).
    Removing stm32f1xx_hal_uart.o(.text.UART_DMATransmitCplt), (176 bytes).
    Removing stm32f1xx_hal_uart.o(.ARM.exidx.text.UART_DMATransmitCplt), (8 bytes).
    Removing stm32f1xx_hal_uart.o(.text.UART_DMATxHalfCplt), (6 bytes).
    Removing stm32f1xx_hal_uart.o(.ARM.exidx.text.UART_DMATxHalfCplt), (8 bytes).
    Removing stm32f1xx_hal_uart.o(.text.UART_DMAError), (380 bytes).
    Removing stm32f1xx_hal_uart.o(.ARM.exidx.text.UART_DMAError), (8 bytes).
    Removing stm32f1xx_hal_uart.o(.text.HAL_UART_Receive_DMA), (352 bytes).
    Removing stm32f1xx_hal_uart.o(.ARM.exidx.text.HAL_UART_Receive_DMA), (8 bytes).
    Removing stm32f1xx_hal_uart.o(.text.UART_Start_Receive_DMA), (316 bytes).
    Removing stm32f1xx_hal_uart.o(.ARM.exidx.text.UART_Start_Receive_DMA), (8 bytes).
    Removing stm32f1xx_hal_uart.o(.text.HAL_UART_DMAPause), (342 bytes).
    Removing stm32f1xx_hal_uart.o(.ARM.exidx.text.HAL_UART_DMAPause), (8 bytes).
    Removing stm32f1xx_hal_uart.o(.text.HAL_UART_DMAResume), (348 bytes).
    Removing stm32f1xx_hal_uart.o(.ARM.exidx.text.HAL_UART_DMAResume), (8 bytes).
    Removing stm32f1xx_hal_uart.o(.text.HAL_UART_DMAStop), (540 bytes).
    Removing stm32f1xx_hal_uart.o(.ARM.exidx.text.HAL_UART_DMAStop), (8 bytes).
    Removing stm32f1xx_hal_uart.o(.text.HAL_UARTEx_ReceiveToIdle), (466 bytes).
    Removing stm32f1xx_hal_uart.o(.ARM.exidx.text.HAL_UARTEx_ReceiveToIdle), (8 bytes).
    Removing stm32f1xx_hal_uart.o(.text.HAL_UARTEx_ReceiveToIdle_IT), (200 bytes).
    Removing stm32f1xx_hal_uart.o(.ARM.exidx.text.HAL_UARTEx_ReceiveToIdle_IT), (8 bytes).
    Removing stm32f1xx_hal_uart.o(.text.HAL_UARTEx_ReceiveToIdle_DMA), (458 bytes).
    Removing stm32f1xx_hal_uart.o(.ARM.exidx.text.HAL_UARTEx_ReceiveToIdle_DMA), (8 bytes).
    Removing stm32f1xx_hal_uart.o(.text.HAL_UARTEx_GetRxEventType), (4 bytes).
    Removing stm32f1xx_hal_uart.o(.ARM.exidx.text.HAL_UARTEx_GetRxEventType), (8 bytes).
    Removing stm32f1xx_hal_uart.o(.text.HAL_UART_Abort), (482 bytes).
    Removing stm32f1xx_hal_uart.o(.ARM.exidx.text.HAL_UART_Abort), (8 bytes).
    Removing stm32f1xx_hal_uart.o(.text.HAL_UART_AbortTransmit), (208 bytes).
    Removing stm32f1xx_hal_uart.o(.ARM.exidx.text.HAL_UART_AbortTransmit), (8 bytes).
    Removing stm32f1xx_hal_uart.o(.text.HAL_UART_AbortReceive), (366 bytes).
    Removing stm32f1xx_hal_uart.o(.ARM.exidx.text.HAL_UART_AbortReceive), (8 bytes).
    Removing stm32f1xx_hal_uart.o(.text.HAL_UART_Abort_IT), (516 bytes).
    Removing stm32f1xx_hal_uart.o(.ARM.exidx.text.HAL_UART_Abort_IT), (8 bytes).
    Removing stm32f1xx_hal_uart.o(.text.UART_DMATxAbortCallback), (42 bytes).
    Removing stm32f1xx_hal_uart.o(.ARM.exidx.text.UART_DMATxAbortCallback), (8 bytes).
    Removing stm32f1xx_hal_uart.o(.text.UART_DMARxAbortCallback), (42 bytes).
    Removing stm32f1xx_hal_uart.o(.ARM.exidx.text.UART_DMARxAbortCallback), (8 bytes).
    Removing stm32f1xx_hal_uart.o(.text.HAL_UART_AbortCpltCallback), (2 bytes).
    Removing stm32f1xx_hal_uart.o(.ARM.exidx.text.HAL_UART_AbortCpltCallback), (8 bytes).
    Removing stm32f1xx_hal_uart.o(.text.HAL_UART_AbortTransmit_IT), (236 bytes).
    Removing stm32f1xx_hal_uart.o(.ARM.exidx.text.HAL_UART_AbortTransmit_IT), (8 bytes).
    Removing stm32f1xx_hal_uart.o(.text.UART_DMATxOnlyAbortCallback), (16 bytes).
    Removing stm32f1xx_hal_uart.o(.ARM.exidx.text.UART_DMATxOnlyAbortCallback), (8 bytes).
    Removing stm32f1xx_hal_uart.o(.text.HAL_UART_AbortTransmitCpltCallback), (2 bytes).
    Removing stm32f1xx_hal_uart.o(.ARM.exidx.text.HAL_UART_AbortTransmitCpltCallback), (8 bytes).
    Removing stm32f1xx_hal_uart.o(.text.HAL_UART_AbortReceive_IT), (394 bytes).
    Removing stm32f1xx_hal_uart.o(.ARM.exidx.text.HAL_UART_AbortReceive_IT), (8 bytes).
    Removing stm32f1xx_hal_uart.o(.text.UART_DMARxOnlyAbortCallback), (18 bytes).
    Removing stm32f1xx_hal_uart.o(.ARM.exidx.text.UART_DMARxOnlyAbortCallback), (8 bytes).
    Removing stm32f1xx_hal_uart.o(.text.HAL_UART_AbortReceiveCpltCallback), (2 bytes).
    Removing stm32f1xx_hal_uart.o(.ARM.exidx.text.HAL_UART_AbortReceiveCpltCallback), (8 bytes).
    Removing stm32f1xx_hal_uart.o(.ARM.exidx.text.HAL_UART_IRQHandler), (8 bytes).
    Removing stm32f1xx_hal_uart.o(.ARM.exidx.text.UART_Receive_IT), (8 bytes).
    Removing stm32f1xx_hal_uart.o(.ARM.exidx.text.UART_DMAAbortOnError), (8 bytes).
    Removing stm32f1xx_hal_uart.o(.ARM.exidx.text.HAL_UART_ErrorCallback), (8 bytes).
    Removing stm32f1xx_hal_uart.o(.ARM.exidx.text.HAL_UARTEx_RxEventCallback), (8 bytes).
    Removing stm32f1xx_hal_uart.o(.ARM.exidx.text.HAL_UART_TxCpltCallback), (8 bytes).
    Removing stm32f1xx_hal_uart.o(.text.HAL_UART_TxHalfCpltCallback), (2 bytes).
    Removing stm32f1xx_hal_uart.o(.ARM.exidx.text.HAL_UART_TxHalfCpltCallback), (8 bytes).
    Removing stm32f1xx_hal_uart.o(.text.HAL_UART_RxCpltCallback), (2 bytes).
    Removing stm32f1xx_hal_uart.o(.ARM.exidx.text.HAL_UART_RxCpltCallback), (8 bytes).
    Removing stm32f1xx_hal_uart.o(.text.HAL_UART_RxHalfCpltCallback), (2 bytes).
    Removing stm32f1xx_hal_uart.o(.ARM.exidx.text.HAL_UART_RxHalfCpltCallback), (8 bytes).
    Removing stm32f1xx_hal_uart.o(.text.HAL_LIN_SendBreak), (114 bytes).
    Removing stm32f1xx_hal_uart.o(.ARM.exidx.text.HAL_LIN_SendBreak), (8 bytes).
    Removing stm32f1xx_hal_uart.o(.text.HAL_MultiProcessor_EnterMuteMode), (116 bytes).
    Removing stm32f1xx_hal_uart.o(.ARM.exidx.text.HAL_MultiProcessor_EnterMuteMode), (8 bytes).
    Removing stm32f1xx_hal_uart.o(.text.HAL_MultiProcessor_ExitMuteMode), (116 bytes).
    Removing stm32f1xx_hal_uart.o(.ARM.exidx.text.HAL_MultiProcessor_ExitMuteMode), (8 bytes).
    Removing stm32f1xx_hal_uart.o(.text.HAL_HalfDuplex_EnableTransmitter), (44 bytes).
    Removing stm32f1xx_hal_uart.o(.ARM.exidx.text.HAL_HalfDuplex_EnableTransmitter), (8 bytes).
    Removing stm32f1xx_hal_uart.o(.text.HAL_HalfDuplex_EnableReceiver), (46 bytes).
    Removing stm32f1xx_hal_uart.o(.ARM.exidx.text.HAL_HalfDuplex_EnableReceiver), (8 bytes).
    Removing stm32f1xx_hal_uart.o(.text.HAL_UART_GetState), (14 bytes).
    Removing stm32f1xx_hal_uart.o(.ARM.exidx.text.HAL_UART_GetState), (8 bytes).
    Removing stm32f1xx_hal_uart.o(.text.HAL_UART_GetError), (4 bytes).
    Removing stm32f1xx_hal_uart.o(.ARM.exidx.text.HAL_UART_GetError), (8 bytes).
    Removing stm32f1xx_hal_uart.o(.text.UART_DMAReceiveCplt), (350 bytes).
    Removing stm32f1xx_hal_uart.o(.ARM.exidx.text.UART_DMAReceiveCplt), (8 bytes).
    Removing stm32f1xx_hal_uart.o(.text.UART_DMARxHalfCplt), (24 bytes).
    Removing stm32f1xx_hal_uart.o(.ARM.exidx.text.UART_DMARxHalfCplt), (8 bytes).
    Removing system_stm32f1xx.o(.text), (0 bytes).
    Removing system_stm32f1xx.o(.ARM.exidx.text.SystemInit), (8 bytes).
    Removing system_stm32f1xx.o(.text.SystemCoreClockUpdate), (112 bytes).
    Removing system_stm32f1xx.o(.ARM.exidx.text.SystemCoreClockUpdate), (8 bytes).
    Removing pwm_controller.o(.text), (0 bytes).
    Removing pwm_controller.o(.ARM.exidx.text.PWM_Init), (8 bytes).
    Removing pwm_controller.o(.ARM.exidx.text.PWM_SetFrequency), (8 bytes).
    Removing pwm_controller.o(.ARM.exidx.text.PWM_SetDutyCycle), (8 bytes).
    Removing pwm_controller.o(.ARM.exidx.text.PWM_Start), (8 bytes).
    Removing pwm_controller.o(.ARM.exidx.text.PWM_Stop), (8 bytes).
    Removing pwm_controller.o(.text.PWM_GetFrequency), (4 bytes).
    Removing pwm_controller.o(.ARM.exidx.text.PWM_GetFrequency), (8 bytes).
    Removing pwm_controller.o(.ARM.exidx.text.PWM_GetDutyCycle), (8 bytes).
    Removing pwm_controller.o(.text.PWM_IsEnabled), (4 bytes).
    Removing pwm_controller.o(.ARM.exidx.text.PWM_IsEnabled), (8 bytes).
    Removing debug.o(.text), (0 bytes).
    Removing debug.o(.text.USART_printf), (62 bytes).
    Removing debug.o(.ARM.exidx.text.USART_printf), (8 bytes).
    Removing rs485.o(.text), (0 bytes).
    Removing rs485.o(.ARM.exidx.text.RS485_Frame_CalculateCRC16), (8 bytes).
    Removing rs485.o(.ARM.exidx.text.RS485_Init), (8 bytes).
    Removing rs485.o(.ARM.exidx.text.RS485_StartReceive), (8 bytes).
    Removing rs485.o(.ARM.exidx.text.RS485_UART_RxCpltCallback), (8 bytes).
    Removing rs485.o(.ARM.exidx.text.RS485_Frame_ValidateCRC16), (8 bytes).
    Removing rs485.o(.ARM.exidx.text.RS485_ProcessReceivedFrame), (8 bytes).
    Removing rs485.o(.ARM.exidx.text.RS485_RegisterCommandHandler), (8 bytes).
    Removing rs485.o(.ARM.exidx.text.RS485_SendResponse), (8 bytes).
    Removing rs485.o(.text.RS485_Frame_Init), (36 bytes).
    Removing rs485.o(.ARM.exidx.text.RS485_Frame_Init), (8 bytes).
    Removing rs485.o(.ARM.exidx.text.RS485_SendFrame), (8 bytes).
    Removing rs485.o(.ARM.exidx.text.RS485_Frame_Serialize), (8 bytes).
    Removing command_handler.o(.text), (0 bytes).
    Removing command_handler.o(.ARM.exidx.text.CommandHandler_INFORMATION), (8 bytes).
    Removing command_handler.o(.ARM.exidx.text.CommandHandler_Control), (8 bytes).
    Removing command_handler.o(.ARM.exidx.text.CommandHandler_ReadData), (8 bytes).
    Removing command_handler.o(.ARM.exidx.text.CommandHandler_WriteData), (8 bytes).
    Removing command_handler.o(.ARM.exidx.text.RegisterAllCommandHandlers), (8 bytes).
    Removing sensor.o(.text), (0 bytes).
    Removing sensor.o(.ARM.exidx.text.WindSensor_Init), (8 bytes).
    Removing sensor.o(.text.WindSensor_ReadSpeed), (102 bytes).
    Removing sensor.o(.ARM.exidx.text.WindSensor_ReadSpeed), (8 bytes).
    Removing sensor.o(.ARM.exidx.text.RS485_TransmitReceive), (8 bytes).
    Removing sensor.o(.ARM.exidx.text.WindSensor_Update), (8 bytes).
    Removing sensor.o(.ARM.exidx.text.WindSensor_GetSpeed), (8 bytes).
    Removing config_flash.o(.text), (0 bytes).
    Removing config_flash.o(.text.Flash_Unlock), (4 bytes).
    Removing config_flash.o(.ARM.exidx.text.Flash_Unlock), (8 bytes).
    Removing config_flash.o(.text.Flash_Lock), (4 bytes).
    Removing config_flash.o(.ARM.exidx.text.Flash_Lock), (8 bytes).
    Removing config_flash.o(.text.Flash_ErasePage), (26 bytes).
    Removing config_flash.o(.ARM.exidx.text.Flash_ErasePage), (8 bytes).
    Removing config_flash.o(.text.Flash_WriteWord), (12 bytes).
    Removing config_flash.o(.ARM.exidx.text.Flash_WriteWord), (8 bytes).
    Removing config_flash.o(.text.Config_IsValid), (26 bytes).
    Removing config_flash.o(.ARM.exidx.text.Config_IsValid), (8 bytes).
    Removing config_flash.o(.ARM.exidx.text.Config_ReadFromFlash), (8 bytes).
    Removing config_flash.o(.text.Config_Init), (46 bytes).
    Removing config_flash.o(.ARM.exidx.text.Config_Init), (8 bytes).
    Removing config_flash.o(.ARM.exidx.text.Config_WriteToFlash), (8 bytes).
    Removing config_flash.o(.ARM.exidx.text.Config_ReadPage1), (8 bytes).
    Removing config_flash.o(.ARM.exidx.text.Config_WritePage1), (8 bytes).
    Removing dadd.o(.text), (334 bytes).
    Removing dmul.o(.text), (228 bytes).
    Removing ddiv.o(.text), (222 bytes).
    Removing dfixul.o(.text), (48 bytes).
    Removing cdrcmple.o(.text), (48 bytes).
    Removing depilogue.o(.text), (186 bytes).

747 unused section(s) (total 39756 bytes) removed from the image.

==============================================================================

Image Symbol Table

    Local Symbols

    Symbol Name                              Value     Ov Type        Size  Object(Section)

    ../clib/division.s                       0x00000000   Number         0  aeabi_sdiv.o ABSOLUTE
    ../clib/microlib/division.c              0x00000000   Number         0  uidiv.o ABSOLUTE
    ../clib/microlib/division.c              0x00000000   Number         0  uldiv.o ABSOLUTE
    ../clib/microlib/init/entry.s            0x00000000   Number         0  entry.o ABSOLUTE
    ../clib/microlib/init/entry.s            0x00000000   Number         0  entry2.o ABSOLUTE
    ../clib/microlib/init/entry.s            0x00000000   Number         0  entry5.o ABSOLUTE
    ../clib/microlib/init/entry.s            0x00000000   Number         0  entry7a.o ABSOLUTE
    ../clib/microlib/init/entry.s            0x00000000   Number         0  entry7b.o ABSOLUTE
    ../clib/microlib/init/entry.s            0x00000000   Number         0  entry8a.o ABSOLUTE
    ../clib/microlib/init/entry.s            0x00000000   Number         0  entry8b.o ABSOLUTE
    ../clib/microlib/init/entry.s            0x00000000   Number         0  entry9a.o ABSOLUTE
    ../clib/microlib/init/entry.s            0x00000000   Number         0  entry9b.o ABSOLUTE
    ../clib/microlib/init/entry.s            0x00000000   Number         0  entry10a.o ABSOLUTE
    ../clib/microlib/init/entry.s            0x00000000   Number         0  entry10b.o ABSOLUTE
    ../clib/microlib/init/entry.s            0x00000000   Number         0  entry11a.o ABSOLUTE
    ../clib/microlib/init/entry.s            0x00000000   Number         0  entry11b.o ABSOLUTE
    ../clib/microlib/longlong.c              0x00000000   Number         0  llshl.o ABSOLUTE
    ../clib/microlib/longlong.c              0x00000000   Number         0  llushr.o ABSOLUTE
    ../clib/microlib/longlong.c              0x00000000   Number         0  llsshr.o ABSOLUTE
    ../clib/microlib/printf/printf.c         0x00000000   Number         0  printfa.o ABSOLUTE
    ../clib/microlib/stdio/fputc.c           0x00000000   Number         0  fputc.o ABSOLUTE
    ../clib/microlib/stdio/fputc.c           0x00000000   Number         0  fputc_h.o ABSOLUTE
    ../clib/microlib/stdio/semi.s            0x00000000   Number         0  semi.o ABSOLUTE
    ../clib/microlib/stdio/streams.c         0x00000000   Number         0  stdout.o ABSOLUTE
    ../clib/microlib/string/memcpy.c         0x00000000   Number         0  memcpya.o ABSOLUTE
    ../clib/microlib/string/memcpy.c         0x00000000   Number         0  memcpyb.o ABSOLUTE
    ../clib/microlib/string/memset.c         0x00000000   Number         0  memseta.o ABSOLUTE
    ../clib/microlib/string/strlen.c         0x00000000   Number         0  strlen.o ABSOLUTE
    ../clib/microlib/stubs.s                 0x00000000   Number         0  iusefp.o ABSOLUTE
    ../clib/microlib/stubs.s                 0x00000000   Number         0  iusesemip.o ABSOLUTE
    ../fplib/microlib/fpadd.c                0x00000000   Number         0  dadd.o ABSOLUTE
    ../fplib/microlib/fpcmp.c                0x00000000   Number         0  fcmple.o ABSOLUTE
    ../fplib/microlib/fpcmp.c                0x00000000   Number         0  fcmplt.o ABSOLUTE
    ../fplib/microlib/fpcmp.c                0x00000000   Number         0  fcmpgt.o ABSOLUTE
    ../fplib/microlib/fpcmp.c                0x00000000   Number         0  fcmpeq.o ABSOLUTE
    ../fplib/microlib/fpdiv.c                0x00000000   Number         0  fdiv.o ABSOLUTE
    ../fplib/microlib/fpdiv.c                0x00000000   Number         0  ddiv.o ABSOLUTE
    ../fplib/microlib/fpepilogue.c           0x00000000   Number         0  fepilogue.o ABSOLUTE
    ../fplib/microlib/fpepilogue.c           0x00000000   Number         0  depilogue.o ABSOLUTE
    ../fplib/microlib/fpfix.c                0x00000000   Number         0  ffixi.o ABSOLUTE
    ../fplib/microlib/fpfix.c                0x00000000   Number         0  ffixui.o ABSOLUTE
    ../fplib/microlib/fpfix.c                0x00000000   Number         0  dfixul.o ABSOLUTE
    ../fplib/microlib/fpflt.c                0x00000000   Number         0  ffltui.o ABSOLUTE
    ../fplib/microlib/fpmul.c                0x00000000   Number         0  fmul.o ABSOLUTE
    ../fplib/microlib/fpmul.c                0x00000000   Number         0  dmul.o ABSOLUTE
    Sensor.c                                 0x00000000   Number         0  sensor.o ABSOLUTE
    cdrcmple.s                               0x00000000   Number         0  cdrcmple.o ABSOLUTE
    command_Handler.c                        0x00000000   Number         0  command_handler.o ABSOLUTE
    config_flash.c                           0x00000000   Number         0  config_flash.o ABSOLUTE
    dc.s                                     0x00000000   Number         0  dc.o ABSOLUTE
    debug.c                                  0x00000000   Number         0  debug.o ABSOLUTE
    gpio.c                                   0x00000000   Number         0  gpio.o ABSOLUTE
    handlers.s                               0x00000000   Number         0  handlers.o ABSOLUTE
    init.s                                   0x00000000   Number         0  init.o ABSOLUTE
    main.c                                   0x00000000   Number         0  main.o ABSOLUTE
    pwm_controller.c                         0x00000000   Number         0  pwm_controller.o ABSOLUTE
    rs485.c                                  0x00000000   Number         0  rs485.o ABSOLUTE
    startup_stm32f103xb.s                    0x00000000   Number         0  startup_stm32f103xb.o ABSOLUTE
    stm32f1xx_hal.c                          0x00000000   Number         0  stm32f1xx_hal.o ABSOLUTE
    stm32f1xx_hal_cortex.c                   0x00000000   Number         0  stm32f1xx_hal_cortex.o ABSOLUTE
    stm32f1xx_hal_dma.c                      0x00000000   Number         0  stm32f1xx_hal_dma.o ABSOLUTE
    stm32f1xx_hal_exti.c                     0x00000000   Number         0  stm32f1xx_hal_exti.o ABSOLUTE
    stm32f1xx_hal_flash.c                    0x00000000   Number         0  stm32f1xx_hal_flash.o ABSOLUTE
    stm32f1xx_hal_flash_ex.c                 0x00000000   Number         0  stm32f1xx_hal_flash_ex.o ABSOLUTE
    stm32f1xx_hal_gpio.c                     0x00000000   Number         0  stm32f1xx_hal_gpio.o ABSOLUTE
    stm32f1xx_hal_gpio_ex.c                  0x00000000   Number         0  stm32f1xx_hal_gpio_ex.o ABSOLUTE
    stm32f1xx_hal_msp.c                      0x00000000   Number         0  stm32f1xx_hal_msp.o ABSOLUTE
    stm32f1xx_hal_pwr.c                      0x00000000   Number         0  stm32f1xx_hal_pwr.o ABSOLUTE
    stm32f1xx_hal_rcc.c                      0x00000000   Number         0  stm32f1xx_hal_rcc.o ABSOLUTE
    stm32f1xx_hal_rcc_ex.c                   0x00000000   Number         0  stm32f1xx_hal_rcc_ex.o ABSOLUTE
    stm32f1xx_hal_tim.c                      0x00000000   Number         0  stm32f1xx_hal_tim.o ABSOLUTE
    stm32f1xx_hal_tim_ex.c                   0x00000000   Number         0  stm32f1xx_hal_tim_ex.o ABSOLUTE
    stm32f1xx_hal_uart.c                     0x00000000   Number         0  stm32f1xx_hal_uart.o ABSOLUTE
    stm32f1xx_it.c                           0x00000000   Number         0  stm32f1xx_it.o ABSOLUTE
    system_stm32f1xx.c                       0x00000000   Number         0  system_stm32f1xx.o ABSOLUTE
    tim.c                                    0x00000000   Number         0  tim.o ABSOLUTE
    usart.c                                  0x00000000   Number         0  usart.o ABSOLUTE
    RESET                                    0x08000000   Section      236  startup_stm32f103xb.o(RESET)
    .ARM.Collect$$$$00000000                 0x080000ec   Section        0  entry.o(.ARM.Collect$$$$00000000)
    .ARM.Collect$$$$00000001                 0x080000ec   Section        4  entry2.o(.ARM.Collect$$$$00000001)
    .ARM.Collect$$$$00000004                 0x080000f0   Section        4  entry5.o(.ARM.Collect$$$$00000004)
    .ARM.Collect$$$$00000008                 0x080000f4   Section        0  entry7b.o(.ARM.Collect$$$$00000008)
    .ARM.Collect$$$$0000000A                 0x080000f4   Section        0  entry8b.o(.ARM.Collect$$$$0000000A)
    .ARM.Collect$$$$0000000B                 0x080000f4   Section        8  entry9a.o(.ARM.Collect$$$$0000000B)
    __lit__00000000                          0x080000fc   Data           4  entry2.o(.ARM.Collect$$$$00002712)
    .ARM.Collect$$$$0000000D                 0x080000fc   Section        0  entry10a.o(.ARM.Collect$$$$0000000D)
    .ARM.Collect$$$$0000000F                 0x080000fc   Section        0  entry11a.o(.ARM.Collect$$$$0000000F)
    .ARM.Collect$$$$00002712                 0x080000fc   Section        4  entry2.o(.ARM.Collect$$$$00002712)
    .text                                    0x08000100   Section       36  startup_stm32f103xb.o(.text)
    .text                                    0x08000124   Section        0  memcpya.o(.text)
    .text                                    0x08000148   Section        0  memseta.o(.text)
    .text                                    0x0800016c   Section        0  fmul.o(.text)
    .text                                    0x080001d0   Section        0  fdiv.o(.text)
    .text                                    0x0800024c   Section        0  fcmple.o(.text)
    .text                                    0x08000268   Section        0  fcmplt.o(.text)
    .text                                    0x08000284   Section        0  fcmpgt.o(.text)
    .text                                    0x080002a0   Section        0  fcmpeq.o(.text)
    .text                                    0x080002bc   Section        0  ffltui.o(.text)
    .text                                    0x080002c6   Section        0  ffixi.o(.text)
    .text                                    0x080002f8   Section        0  ffixui.o(.text)
    .text                                    0x08000320   Section        0  iusefp.o(.text)
    .text                                    0x08000320   Section        0  fepilogue.o(.text)
    .text                                    0x08000390   Section       36  init.o(.text)
    [Anonymous Symbol]                       0x080003b4   Section        0  stm32f1xx_it.o(.text.BusFault_Handler)
    [Anonymous Symbol]                       0x080003b8   Section        0  command_handler.o(.text.CommandHandler_Control)
    [Anonymous Symbol]                       0x08000454   Section        0  command_handler.o(.text.CommandHandler_INFORMATION)
    [Anonymous Symbol]                       0x080004bc   Section        0  command_handler.o(.text.CommandHandler_ReadData)
    [Anonymous Symbol]                       0x08000514   Section        0  command_handler.o(.text.CommandHandler_WriteData)
    [Anonymous Symbol]                       0x08000568   Section        0  config_flash.o(.text.Config_ReadFromFlash)
    [Anonymous Symbol]                       0x08000664   Section        0  config_flash.o(.text.Config_ReadPage1)
    [Anonymous Symbol]                       0x08000680   Section        0  config_flash.o(.text.Config_WritePage1)
    [Anonymous Symbol]                       0x080006c8   Section        0  config_flash.o(.text.Config_WriteToFlash)
    [Anonymous Symbol]                       0x08000824   Section        0  stm32f1xx_it.o(.text.DebugMon_Handler)
    [Anonymous Symbol]                       0x08000828   Section        0  main.o(.text.Error_Handler)
    [Anonymous Symbol]                       0x08000834   Section        0  stm32f1xx_hal_flash.o(.text.FLASH_WaitForLastOperation)
    [Anonymous Symbol]                       0x08000914   Section        0  stm32f1xx_hal_dma.o(.text.HAL_DMA_Abort)
    [Anonymous Symbol]                       0x0800095c   Section        0  stm32f1xx_hal_dma.o(.text.HAL_DMA_Abort_IT)
    [Anonymous Symbol]                       0x08000a10   Section        0  stm32f1xx_hal.o(.text.HAL_Delay)
    [Anonymous Symbol]                       0x08000a38   Section        0  stm32f1xx_hal_flash_ex.o(.text.HAL_FLASHEx_Erase)
    [Anonymous Symbol]                       0x08000b28   Section        0  stm32f1xx_hal_flash.o(.text.HAL_FLASH_Lock)
    [Anonymous Symbol]                       0x08000b3c   Section        0  stm32f1xx_hal_flash.o(.text.HAL_FLASH_Program)
    [Anonymous Symbol]                       0x08000be8   Section        0  stm32f1xx_hal_flash.o(.text.HAL_FLASH_Unlock)
    [Anonymous Symbol]                       0x08000c18   Section        0  stm32f1xx_hal_gpio.o(.text.HAL_GPIO_Init)
    [Anonymous Symbol]                       0x08000e34   Section        0  stm32f1xx_hal_gpio.o(.text.HAL_GPIO_TogglePin)
    [Anonymous Symbol]                       0x08000e44   Section        0  stm32f1xx_hal_gpio.o(.text.HAL_GPIO_WritePin)
    [Anonymous Symbol]                       0x08000e50   Section        0  stm32f1xx_hal.o(.text.HAL_GetTick)
    [Anonymous Symbol]                       0x08000e5c   Section        0  stm32f1xx_hal.o(.text.HAL_IncTick)
    [Anonymous Symbol]                       0x08000e78   Section        0  stm32f1xx_hal.o(.text.HAL_Init)
    [Anonymous Symbol]                       0x08000ea0   Section        0  stm32f1xx_hal.o(.text.HAL_InitTick)
    [Anonymous Symbol]                       0x08000ee8   Section        0  stm32f1xx_hal_msp.o(.text.HAL_MspInit)
    [Anonymous Symbol]                       0x08000f2c   Section        0  stm32f1xx_hal_cortex.o(.text.HAL_NVIC_EnableIRQ)
    [Anonymous Symbol]                       0x08000f54   Section        0  stm32f1xx_hal_cortex.o(.text.HAL_NVIC_SetPriority)
    [Anonymous Symbol]                       0x08000fac   Section        0  stm32f1xx_hal_cortex.o(.text.HAL_NVIC_SetPriorityGrouping)
    [Anonymous Symbol]                       0x08000fcc   Section        0  stm32f1xx_hal_rcc.o(.text.HAL_RCC_ClockConfig)
    [Anonymous Symbol]                       0x0800118c   Section        0  stm32f1xx_hal_rcc.o(.text.HAL_RCC_GetPCLK1Freq)
    [Anonymous Symbol]                       0x080011b4   Section        0  stm32f1xx_hal_rcc.o(.text.HAL_RCC_GetPCLK2Freq)
    [Anonymous Symbol]                       0x080011dc   Section        0  stm32f1xx_hal_rcc.o(.text.HAL_RCC_OscConfig)
    [Anonymous Symbol]                       0x08001590   Section        0  stm32f1xx_hal_cortex.o(.text.HAL_SYSTICK_Config)
    [Anonymous Symbol]                       0x080015bc   Section        0  stm32f1xx_hal_tim_ex.o(.text.HAL_TIMEx_ConfigBreakDeadTime)
    [Anonymous Symbol]                       0x08001608   Section        0  stm32f1xx_hal_tim_ex.o(.text.HAL_TIMEx_MasterConfigSynchronization)
    [Anonymous Symbol]                       0x08001684   Section        0  stm32f1xx_hal_tim.o(.text.HAL_TIM_Base_Init)
    [Anonymous Symbol]                       0x08001770   Section        0  tim.o(.text.HAL_TIM_Base_MspInit)
    [Anonymous Symbol]                       0x080017c4   Section        0  stm32f1xx_hal_tim.o(.text.HAL_TIM_ConfigClockSource)
    [Anonymous Symbol]                       0x08001960   Section        0  stm32f1xx_hal_tim.o(.text.HAL_TIM_PWM_ConfigChannel)
    [Anonymous Symbol]                       0x08001b6c   Section        0  stm32f1xx_hal_tim.o(.text.HAL_TIM_PWM_Init)
    [Anonymous Symbol]                       0x08001c58   Section        0  stm32f1xx_hal_tim.o(.text.HAL_TIM_PWM_MspInit)
    [Anonymous Symbol]                       0x08001c5c   Section        0  stm32f1xx_hal_tim.o(.text.HAL_TIM_PWM_Start)
    [Anonymous Symbol]                       0x08001d3c   Section        0  stm32f1xx_hal_tim.o(.text.HAL_TIM_PWM_Stop)
    [Anonymous Symbol]                       0x08001df0   Section        0  stm32f1xx_hal_uart.o(.text.HAL_UARTEx_RxEventCallback)
    [Anonymous Symbol]                       0x08001df4   Section        0  stm32f1xx_hal_uart.o(.text.HAL_UART_ErrorCallback)
    [Anonymous Symbol]                       0x08001df8   Section        0  stm32f1xx_hal_uart.o(.text.HAL_UART_IRQHandler)
    [Anonymous Symbol]                       0x08002358   Section        0  stm32f1xx_hal_uart.o(.text.HAL_UART_Init)
    [Anonymous Symbol]                       0x0800243c   Section        0  usart.o(.text.HAL_UART_MspInit)
    [Anonymous Symbol]                       0x080025c0   Section        0  stm32f1xx_hal_uart.o(.text.HAL_UART_Receive)
    [Anonymous Symbol]                       0x08002770   Section        0  stm32f1xx_hal_uart.o(.text.HAL_UART_Receive_IT)
    [Anonymous Symbol]                       0x080027c4   Section        0  main.o(.text.HAL_UART_RxCpltCallback)
    [Anonymous Symbol]                       0x080027e0   Section        0  stm32f1xx_hal_uart.o(.text.HAL_UART_Transmit)
    [Anonymous Symbol]                       0x08002a58   Section        0  stm32f1xx_hal_uart.o(.text.HAL_UART_TxCpltCallback)
    [Anonymous Symbol]                       0x08002a5c   Section        0  stm32f1xx_it.o(.text.HardFault_Handler)
    [Anonymous Symbol]                       0x08002a60   Section        0  gpio.o(.text.MX_GPIO_Init)
    [Anonymous Symbol]                       0x08002afc   Section        0  tim.o(.text.MX_TIM1_Init)
    [Anonymous Symbol]                       0x08002c54   Section        0  tim.o(.text.MX_TIM2_Init)
    [Anonymous Symbol]                       0x08002cc8   Section        0  usart.o(.text.MX_USART1_UART_Init)
    [Anonymous Symbol]                       0x08002d04   Section        0  usart.o(.text.MX_USART2_UART_Init)
    [Anonymous Symbol]                       0x08002d40   Section        0  usart.o(.text.MX_USART3_UART_Init)
    [Anonymous Symbol]                       0x08002d7c   Section        0  stm32f1xx_it.o(.text.MemManage_Handler)
    [Anonymous Symbol]                       0x08002d80   Section        0  stm32f1xx_it.o(.text.NMI_Handler)
    [Anonymous Symbol]                       0x08002d84   Section        0  pwm_controller.o(.text.PWM_GetDutyCycle)
    [Anonymous Symbol]                       0x08002d88   Section        0  pwm_controller.o(.text.PWM_Init)
    [Anonymous Symbol]                       0x08002df4   Section        0  pwm_controller.o(.text.PWM_SetDutyCycle)
    [Anonymous Symbol]                       0x08002e64   Section        0  pwm_controller.o(.text.PWM_SetFrequency)
    [Anonymous Symbol]                       0x08002f4c   Section        0  pwm_controller.o(.text.PWM_Start)
    [Anonymous Symbol]                       0x08002f64   Section        0  pwm_controller.o(.text.PWM_Stop)
    [Anonymous Symbol]                       0x08002f7c   Section        0  stm32f1xx_it.o(.text.PendSV_Handler)
    [Anonymous Symbol]                       0x08002f80   Section        0  rs485.o(.text.RS485_Frame_CalculateCRC16)
    [Anonymous Symbol]                       0x080030c0   Section        0  rs485.o(.text.RS485_Frame_Serialize)
    [Anonymous Symbol]                       0x08003314   Section        0  rs485.o(.text.RS485_Frame_ValidateCRC16)
    [Anonymous Symbol]                       0x0800347c   Section        0  rs485.o(.text.RS485_Init)
    [Anonymous Symbol]                       0x080034b4   Section        0  rs485.o(.text.RS485_ProcessReceivedFrame)
    [Anonymous Symbol]                       0x08003508   Section        0  rs485.o(.text.RS485_RegisterCommandHandler)
    [Anonymous Symbol]                       0x08003518   Section        0  rs485.o(.text.RS485_SendFrame)
    [Anonymous Symbol]                       0x080035a8   Section        0  rs485.o(.text.RS485_SendResponse)
    [Anonymous Symbol]                       0x08003610   Section        0  rs485.o(.text.RS485_StartReceive)
    [Anonymous Symbol]                       0x08003630   Section        0  sensor.o(.text.RS485_TransmitReceive)
    [Anonymous Symbol]                       0x080036c4   Section        0  rs485.o(.text.RS485_UART_RxCpltCallback)
    [Anonymous Symbol]                       0x080037dc   Section        0  command_handler.o(.text.RegisterAllCommandHandlers)
    [Anonymous Symbol]                       0x08003824   Section        0  stm32f1xx_it.o(.text.SVC_Handler)
    [Anonymous Symbol]                       0x08003828   Section        0  stm32f1xx_it.o(.text.SysTick_Handler)
    [Anonymous Symbol]                       0x0800382c   Section        0  system_stm32f1xx.o(.text.SystemInit)
    UART_DMAAbortOnError                     0x08003831   Thumb Code    12  stm32f1xx_hal_uart.o(.text.UART_DMAAbortOnError)
    [Anonymous Symbol]                       0x08003830   Section        0  stm32f1xx_hal_uart.o(.text.UART_DMAAbortOnError)
    UART_Receive_IT                          0x0800383d   Thumb Code   254  stm32f1xx_hal_uart.o(.text.UART_Receive_IT)
    [Anonymous Symbol]                       0x0800383c   Section        0  stm32f1xx_hal_uart.o(.text.UART_Receive_IT)
    [Anonymous Symbol]                       0x0800393c   Section        0  stm32f1xx_it.o(.text.USART1_IRQHandler)
    [Anonymous Symbol]                       0x08003948   Section        0  stm32f1xx_it.o(.text.USART2_IRQHandler)
    [Anonymous Symbol]                       0x08003954   Section        0  stm32f1xx_it.o(.text.UsageFault_Handler)
    [Anonymous Symbol]                       0x08003958   Section        0  sensor.o(.text.WindSensor_GetSpeed)
    [Anonymous Symbol]                       0x0800395c   Section        0  sensor.o(.text.WindSensor_Init)
    [Anonymous Symbol]                       0x08003974   Section        0  sensor.o(.text.WindSensor_Update)
    [Anonymous Symbol]                       0x080039f4   Section        0  main.o(.text.main)
    i.__scatterload_copy                     0x08003b88   Section       14  handlers.o(i.__scatterload_copy)
    i.__scatterload_null                     0x08003b96   Section        2  handlers.o(i.__scatterload_null)
    i.__scatterload_zeroinit                 0x08003b98   Section       14  handlers.o(i.__scatterload_zeroinit)
    HAL_RCC_GetSysClockFreq.aPredivFactorTable 0x08003bbe   Data           2  stm32f1xx_hal_rcc.o(.rodata.HAL_RCC_GetSysClockFreq.aPredivFactorTable)
    [Anonymous Symbol]                       0x08003bbe   Section        0  stm32f1xx_hal_rcc.o(.rodata.HAL_RCC_GetSysClockFreq.aPredivFactorTable)
    HAL_RCC_GetSysClockFreq.aPLLMULFactorTable 0x08003bc0   Data          16  stm32f1xx_hal_rcc.o(.rodata.cst16)
    [Anonymous Symbol]                       0x08003bc0   Section        0  stm32f1xx_hal_rcc.o(.rodata.cst16)
    .L_MergedGlobals                         0x20000000   Data           8  stm32f1xx_hal.o(.data..L_MergedGlobals)
    [Anonymous Symbol]                       0x20000000   Section        0  stm32f1xx_hal.o(.data..L_MergedGlobals)
    .L_MergedGlobals                         0x20000010   Data          88  main.o(.bss..L_MergedGlobals)
    [Anonymous Symbol]                       0x20000010   Section        0  main.o(.bss..L_MergedGlobals)
    command_handlers                         0x20000068   Data        1024  rs485.o(.bss.command_handlers)
    [Anonymous Symbol]                       0x20000068   Section        0  rs485.o(.bss.command_handlers)
    STACK                                    0x20000a78   Section     1024  startup_stm32f103xb.o(STACK)

    Global Symbols

    Symbol Name                              Value     Ov Type        Size  Object(Section)

    BuildAttributes$$THM_ISAv4$P$D$K$B$S$PE$A:L22UL41UL21$X:L11$S22US41US21$IEEE1$IW$~IW$USESV6$~STKCKD$USESV7$~SHL$OTIME$ROPI$EBA8$MICROLIB$REQ8$PRES8$EABIv2 0x00000000   Number         0  anon$$obj.o ABSOLUTE
    __cpp_initialize__aeabi_                  - Undefined Weak Reference
    __cxa_finalize                            - Undefined Weak Reference
    __decompress                              - Undefined Weak Reference
    _clock_init                               - Undefined Weak Reference
    _microlib_exit                            - Undefined Weak Reference
    __Vectors_Size                           0x000000ec   Number         0  startup_stm32f103xb.o ABSOLUTE
    __Vectors                                0x08000000   Data           4  startup_stm32f103xb.o(RESET)
    __Vectors_End                            0x080000ec   Data           0  startup_stm32f103xb.o(RESET)
    __main                                   0x080000ed   Thumb Code     0  entry.o(.ARM.Collect$$$$00000000)
    _main_stk                                0x080000ed   Thumb Code     0  entry2.o(.ARM.Collect$$$$00000001)
    _main_scatterload                        0x080000f1   Thumb Code     0  entry5.o(.ARM.Collect$$$$00000004)
    __main_after_scatterload                 0x080000f5   Thumb Code     0  entry5.o(.ARM.Collect$$$$00000004)
    _main_clock                              0x080000f5   Thumb Code     0  entry7b.o(.ARM.Collect$$$$00000008)
    _main_cpp_init                           0x080000f5   Thumb Code     0  entry8b.o(.ARM.Collect$$$$0000000A)
    _main_init                               0x080000f5   Thumb Code     0  entry9a.o(.ARM.Collect$$$$0000000B)
    __rt_final_cpp                           0x080000fd   Thumb Code     0  entry10a.o(.ARM.Collect$$$$0000000D)
    __rt_final_exit                          0x080000fd   Thumb Code     0  entry11a.o(.ARM.Collect$$$$0000000F)
    Reset_Handler                            0x08000101   Thumb Code     8  startup_stm32f103xb.o(.text)
    ADC1_2_IRQHandler                        0x0800011b   Thumb Code     0  startup_stm32f103xb.o(.text)
    CAN1_RX1_IRQHandler                      0x0800011b   Thumb Code     0  startup_stm32f103xb.o(.text)
    CAN1_SCE_IRQHandler                      0x0800011b   Thumb Code     0  startup_stm32f103xb.o(.text)
    DMA1_Channel1_IRQHandler                 0x0800011b   Thumb Code     0  startup_stm32f103xb.o(.text)
    DMA1_Channel2_IRQHandler                 0x0800011b   Thumb Code     0  startup_stm32f103xb.o(.text)
    DMA1_Channel3_IRQHandler                 0x0800011b   Thumb Code     0  startup_stm32f103xb.o(.text)
    DMA1_Channel4_IRQHandler                 0x0800011b   Thumb Code     0  startup_stm32f103xb.o(.text)
    DMA1_Channel5_IRQHandler                 0x0800011b   Thumb Code     0  startup_stm32f103xb.o(.text)
    DMA1_Channel6_IRQHandler                 0x0800011b   Thumb Code     0  startup_stm32f103xb.o(.text)
    DMA1_Channel7_IRQHandler                 0x0800011b   Thumb Code     0  startup_stm32f103xb.o(.text)
    EXTI0_IRQHandler                         0x0800011b   Thumb Code     0  startup_stm32f103xb.o(.text)
    EXTI15_10_IRQHandler                     0x0800011b   Thumb Code     0  startup_stm32f103xb.o(.text)
    EXTI1_IRQHandler                         0x0800011b   Thumb Code     0  startup_stm32f103xb.o(.text)
    EXTI2_IRQHandler                         0x0800011b   Thumb Code     0  startup_stm32f103xb.o(.text)
    EXTI3_IRQHandler                         0x0800011b   Thumb Code     0  startup_stm32f103xb.o(.text)
    EXTI4_IRQHandler                         0x0800011b   Thumb Code     0  startup_stm32f103xb.o(.text)
    EXTI9_5_IRQHandler                       0x0800011b   Thumb Code     0  startup_stm32f103xb.o(.text)
    FLASH_IRQHandler                         0x0800011b   Thumb Code     0  startup_stm32f103xb.o(.text)
    I2C1_ER_IRQHandler                       0x0800011b   Thumb Code     0  startup_stm32f103xb.o(.text)
    I2C1_EV_IRQHandler                       0x0800011b   Thumb Code     0  startup_stm32f103xb.o(.text)
    I2C2_ER_IRQHandler                       0x0800011b   Thumb Code     0  startup_stm32f103xb.o(.text)
    I2C2_EV_IRQHandler                       0x0800011b   Thumb Code     0  startup_stm32f103xb.o(.text)
    PVD_IRQHandler                           0x0800011b   Thumb Code     0  startup_stm32f103xb.o(.text)
    RCC_IRQHandler                           0x0800011b   Thumb Code     0  startup_stm32f103xb.o(.text)
    RTC_Alarm_IRQHandler                     0x0800011b   Thumb Code     0  startup_stm32f103xb.o(.text)
    RTC_IRQHandler                           0x0800011b   Thumb Code     0  startup_stm32f103xb.o(.text)
    SPI1_IRQHandler                          0x0800011b   Thumb Code     0  startup_stm32f103xb.o(.text)
    SPI2_IRQHandler                          0x0800011b   Thumb Code     0  startup_stm32f103xb.o(.text)
    TAMPER_IRQHandler                        0x0800011b   Thumb Code     0  startup_stm32f103xb.o(.text)
    TIM1_BRK_IRQHandler                      0x0800011b   Thumb Code     0  startup_stm32f103xb.o(.text)
    TIM1_CC_IRQHandler                       0x0800011b   Thumb Code     0  startup_stm32f103xb.o(.text)
    TIM1_TRG_COM_IRQHandler                  0x0800011b   Thumb Code     0  startup_stm32f103xb.o(.text)
    TIM1_UP_IRQHandler                       0x0800011b   Thumb Code     0  startup_stm32f103xb.o(.text)
    TIM2_IRQHandler                          0x0800011b   Thumb Code     0  startup_stm32f103xb.o(.text)
    TIM3_IRQHandler                          0x0800011b   Thumb Code     0  startup_stm32f103xb.o(.text)
    TIM4_IRQHandler                          0x0800011b   Thumb Code     0  startup_stm32f103xb.o(.text)
    USART3_IRQHandler                        0x0800011b   Thumb Code     0  startup_stm32f103xb.o(.text)
    USBWakeUp_IRQHandler                     0x0800011b   Thumb Code     0  startup_stm32f103xb.o(.text)
    USB_HP_CAN1_TX_IRQHandler                0x0800011b   Thumb Code     0  startup_stm32f103xb.o(.text)
    USB_LP_CAN1_RX0_IRQHandler               0x0800011b   Thumb Code     0  startup_stm32f103xb.o(.text)
    WWDG_IRQHandler                          0x0800011b   Thumb Code     0  startup_stm32f103xb.o(.text)
    __aeabi_memcpy                           0x08000125   Thumb Code    36  memcpya.o(.text)
    __aeabi_memcpy4                          0x08000125   Thumb Code     0  memcpya.o(.text)
    __aeabi_memcpy8                          0x08000125   Thumb Code     0  memcpya.o(.text)
    __aeabi_memset                           0x08000149   Thumb Code    14  memseta.o(.text)
    __aeabi_memset4                          0x08000149   Thumb Code     0  memseta.o(.text)
    __aeabi_memset8                          0x08000149   Thumb Code     0  memseta.o(.text)
    __aeabi_memclr                           0x08000157   Thumb Code     4  memseta.o(.text)
    __aeabi_memclr4                          0x08000157   Thumb Code     0  memseta.o(.text)
    __aeabi_memclr8                          0x08000157   Thumb Code     0  memseta.o(.text)
    _memset$wrapper                          0x0800015b   Thumb Code    18  memseta.o(.text)
    __aeabi_fmul                             0x0800016d   Thumb Code   100  fmul.o(.text)
    __aeabi_fdiv                             0x080001d1   Thumb Code   124  fdiv.o(.text)
    __aeabi_fcmple                           0x0800024d   Thumb Code    28  fcmple.o(.text)
    __aeabi_fcmplt                           0x08000269   Thumb Code    28  fcmplt.o(.text)
    __aeabi_fcmpgt                           0x08000285   Thumb Code    28  fcmpgt.o(.text)
    __aeabi_fcmpeq                           0x080002a1   Thumb Code    28  fcmpeq.o(.text)
    __aeabi_ui2f                             0x080002bd   Thumb Code    10  ffltui.o(.text)
    __aeabi_f2iz                             0x080002c7   Thumb Code    50  ffixi.o(.text)
    __aeabi_f2uiz                            0x080002f9   Thumb Code    40  ffixui.o(.text)
    __I$use$fp                               0x08000321   Thumb Code     0  iusefp.o(.text)
    _float_round                             0x08000321   Thumb Code    18  fepilogue.o(.text)
    _float_epilogue                          0x08000333   Thumb Code    92  fepilogue.o(.text)
    __scatterload                            0x08000391   Thumb Code    28  init.o(.text)
    __scatterload_rt2                        0x08000391   Thumb Code     0  init.o(.text)
    BusFault_Handler                         0x080003b5   Thumb Code     2  stm32f1xx_it.o(.text.BusFault_Handler)
    CommandHandler_Control                   0x080003b9   Thumb Code   156  command_handler.o(.text.CommandHandler_Control)
    CommandHandler_INFORMATION               0x08000455   Thumb Code   104  command_handler.o(.text.CommandHandler_INFORMATION)
    CommandHandler_ReadData                  0x080004bd   Thumb Code    88  command_handler.o(.text.CommandHandler_ReadData)
    CommandHandler_WriteData                 0x08000515   Thumb Code    82  command_handler.o(.text.CommandHandler_WriteData)
    Config_ReadFromFlash                     0x08000569   Thumb Code   250  config_flash.o(.text.Config_ReadFromFlash)
    Config_ReadPage1                         0x08000665   Thumb Code    28  config_flash.o(.text.Config_ReadPage1)
    Config_WritePage1                        0x08000681   Thumb Code    72  config_flash.o(.text.Config_WritePage1)
    Config_WriteToFlash                      0x080006c9   Thumb Code   346  config_flash.o(.text.Config_WriteToFlash)
    DebugMon_Handler                         0x08000825   Thumb Code     2  stm32f1xx_it.o(.text.DebugMon_Handler)
    Error_Handler                            0x08000829   Thumb Code    10  main.o(.text.Error_Handler)
    FLASH_WaitForLastOperation               0x08000835   Thumb Code   224  stm32f1xx_hal_flash.o(.text.FLASH_WaitForLastOperation)
    HAL_DMA_Abort                            0x08000915   Thumb Code    70  stm32f1xx_hal_dma.o(.text.HAL_DMA_Abort)
    HAL_DMA_Abort_IT                         0x0800095d   Thumb Code   178  stm32f1xx_hal_dma.o(.text.HAL_DMA_Abort_IT)
    HAL_Delay                                0x08000a11   Thumb Code    40  stm32f1xx_hal.o(.text.HAL_Delay)
    HAL_FLASHEx_Erase                        0x08000a39   Thumb Code   238  stm32f1xx_hal_flash_ex.o(.text.HAL_FLASHEx_Erase)
    HAL_FLASH_Lock                           0x08000b29   Thumb Code    20  stm32f1xx_hal_flash.o(.text.HAL_FLASH_Lock)
    HAL_FLASH_Program                        0x08000b3d   Thumb Code   172  stm32f1xx_hal_flash.o(.text.HAL_FLASH_Program)
    HAL_FLASH_Unlock                         0x08000be9   Thumb Code    46  stm32f1xx_hal_flash.o(.text.HAL_FLASH_Unlock)
    HAL_GPIO_Init                            0x08000c19   Thumb Code   538  stm32f1xx_hal_gpio.o(.text.HAL_GPIO_Init)
    HAL_GPIO_TogglePin                       0x08000e35   Thumb Code    16  stm32f1xx_hal_gpio.o(.text.HAL_GPIO_TogglePin)
    HAL_GPIO_WritePin                        0x08000e45   Thumb Code    10  stm32f1xx_hal_gpio.o(.text.HAL_GPIO_WritePin)
    HAL_GetTick                              0x08000e51   Thumb Code    12  stm32f1xx_hal.o(.text.HAL_GetTick)
    HAL_IncTick                              0x08000e5d   Thumb Code    26  stm32f1xx_hal.o(.text.HAL_IncTick)
    HAL_Init                                 0x08000e79   Thumb Code    38  stm32f1xx_hal.o(.text.HAL_Init)
    HAL_InitTick                             0x08000ea1   Thumb Code    72  stm32f1xx_hal.o(.text.HAL_InitTick)
    HAL_MspInit                              0x08000ee9   Thumb Code    66  stm32f1xx_hal_msp.o(.text.HAL_MspInit)
    HAL_NVIC_EnableIRQ                       0x08000f2d   Thumb Code    38  stm32f1xx_hal_cortex.o(.text.HAL_NVIC_EnableIRQ)
    HAL_NVIC_SetPriority                     0x08000f55   Thumb Code    86  stm32f1xx_hal_cortex.o(.text.HAL_NVIC_SetPriority)
    HAL_NVIC_SetPriorityGrouping             0x08000fad   Thumb Code    32  stm32f1xx_hal_cortex.o(.text.HAL_NVIC_SetPriorityGrouping)
    HAL_RCC_ClockConfig                      0x08000fcd   Thumb Code   446  stm32f1xx_hal_rcc.o(.text.HAL_RCC_ClockConfig)
    HAL_RCC_GetPCLK1Freq                     0x0800118d   Thumb Code    38  stm32f1xx_hal_rcc.o(.text.HAL_RCC_GetPCLK1Freq)
    HAL_RCC_GetPCLK2Freq                     0x080011b5   Thumb Code    38  stm32f1xx_hal_rcc.o(.text.HAL_RCC_GetPCLK2Freq)
    HAL_RCC_OscConfig                        0x080011dd   Thumb Code   948  stm32f1xx_hal_rcc.o(.text.HAL_RCC_OscConfig)
    HAL_SYSTICK_Config                       0x08001591   Thumb Code    44  stm32f1xx_hal_cortex.o(.text.HAL_SYSTICK_Config)
    HAL_TIMEx_ConfigBreakDeadTime            0x080015bd   Thumb Code    76  stm32f1xx_hal_tim_ex.o(.text.HAL_TIMEx_ConfigBreakDeadTime)
    HAL_TIMEx_MasterConfigSynchronization    0x08001609   Thumb Code   122  stm32f1xx_hal_tim_ex.o(.text.HAL_TIMEx_MasterConfigSynchronization)
    HAL_TIM_Base_Init                        0x08001685   Thumb Code   236  stm32f1xx_hal_tim.o(.text.HAL_TIM_Base_Init)
    HAL_TIM_Base_MspInit                     0x08001771   Thumb Code    82  tim.o(.text.HAL_TIM_Base_MspInit)
    HAL_TIM_ConfigClockSource                0x080017c5   Thumb Code   412  stm32f1xx_hal_tim.o(.text.HAL_TIM_ConfigClockSource)
    HAL_TIM_PWM_ConfigChannel                0x08001961   Thumb Code   524  stm32f1xx_hal_tim.o(.text.HAL_TIM_PWM_ConfigChannel)
    HAL_TIM_PWM_Init                         0x08001b6d   Thumb Code   236  stm32f1xx_hal_tim.o(.text.HAL_TIM_PWM_Init)
    HAL_TIM_PWM_MspInit                      0x08001c59   Thumb Code     2  stm32f1xx_hal_tim.o(.text.HAL_TIM_PWM_MspInit)
    HAL_TIM_PWM_Start                        0x08001c5d   Thumb Code   222  stm32f1xx_hal_tim.o(.text.HAL_TIM_PWM_Start)
    HAL_TIM_PWM_Stop                         0x08001d3d   Thumb Code   178  stm32f1xx_hal_tim.o(.text.HAL_TIM_PWM_Stop)
    HAL_UARTEx_RxEventCallback               0x08001df1   Thumb Code     2  stm32f1xx_hal_uart.o(.text.HAL_UARTEx_RxEventCallback)
    HAL_UART_ErrorCallback                   0x08001df5   Thumb Code     2  stm32f1xx_hal_uart.o(.text.HAL_UART_ErrorCallback)
    HAL_UART_IRQHandler                      0x08001df9   Thumb Code  1376  stm32f1xx_hal_uart.o(.text.HAL_UART_IRQHandler)
    HAL_UART_Init                            0x08002359   Thumb Code   226  stm32f1xx_hal_uart.o(.text.HAL_UART_Init)
    HAL_UART_MspInit                         0x0800243d   Thumb Code   388  usart.o(.text.HAL_UART_MspInit)
    HAL_UART_Receive                         0x080025c1   Thumb Code   432  stm32f1xx_hal_uart.o(.text.HAL_UART_Receive)
    HAL_UART_Receive_IT                      0x08002771   Thumb Code    82  stm32f1xx_hal_uart.o(.text.HAL_UART_Receive_IT)
    HAL_UART_RxCpltCallback                  0x080027c5   Thumb Code    28  main.o(.text.HAL_UART_RxCpltCallback)
    HAL_UART_Transmit                        0x080027e1   Thumb Code   632  stm32f1xx_hal_uart.o(.text.HAL_UART_Transmit)
    HAL_UART_TxCpltCallback                  0x08002a59   Thumb Code     2  stm32f1xx_hal_uart.o(.text.HAL_UART_TxCpltCallback)
    HardFault_Handler                        0x08002a5d   Thumb Code     2  stm32f1xx_it.o(.text.HardFault_Handler)
    MX_GPIO_Init                             0x08002a61   Thumb Code   156  gpio.o(.text.MX_GPIO_Init)
    MX_TIM1_Init                             0x08002afd   Thumb Code   344  tim.o(.text.MX_TIM1_Init)
    MX_TIM2_Init                             0x08002c55   Thumb Code   114  tim.o(.text.MX_TIM2_Init)
    MX_USART1_UART_Init                      0x08002cc9   Thumb Code    60  usart.o(.text.MX_USART1_UART_Init)
    MX_USART2_UART_Init                      0x08002d05   Thumb Code    60  usart.o(.text.MX_USART2_UART_Init)
    MX_USART3_UART_Init                      0x08002d41   Thumb Code    60  usart.o(.text.MX_USART3_UART_Init)
    MemManage_Handler                        0x08002d7d   Thumb Code     2  stm32f1xx_it.o(.text.MemManage_Handler)
    NMI_Handler                              0x08002d81   Thumb Code     2  stm32f1xx_it.o(.text.NMI_Handler)
    PWM_GetDutyCycle                         0x08002d85   Thumb Code     4  pwm_controller.o(.text.PWM_GetDutyCycle)
    PWM_Init                                 0x08002d89   Thumb Code   108  pwm_controller.o(.text.PWM_Init)
    PWM_SetDutyCycle                         0x08002df5   Thumb Code   112  pwm_controller.o(.text.PWM_SetDutyCycle)
    PWM_SetFrequency                         0x08002e65   Thumb Code   230  pwm_controller.o(.text.PWM_SetFrequency)
    PWM_Start                                0x08002f4d   Thumb Code    24  pwm_controller.o(.text.PWM_Start)
    PWM_Stop                                 0x08002f65   Thumb Code    24  pwm_controller.o(.text.PWM_Stop)
    PendSV_Handler                           0x08002f7d   Thumb Code     2  stm32f1xx_it.o(.text.PendSV_Handler)
    RS485_Frame_CalculateCRC16               0x08002f81   Thumb Code   320  rs485.o(.text.RS485_Frame_CalculateCRC16)
    RS485_Frame_Serialize                    0x080030c1   Thumb Code   596  rs485.o(.text.RS485_Frame_Serialize)
    RS485_Frame_ValidateCRC16                0x08003315   Thumb Code   360  rs485.o(.text.RS485_Frame_ValidateCRC16)
    RS485_Init                               0x0800347d   Thumb Code    56  rs485.o(.text.RS485_Init)
    RS485_ProcessReceivedFrame               0x080034b5   Thumb Code    84  rs485.o(.text.RS485_ProcessReceivedFrame)
    RS485_RegisterCommandHandler             0x08003509   Thumb Code    14  rs485.o(.text.RS485_RegisterCommandHandler)
    RS485_SendFrame                          0x08003519   Thumb Code   144  rs485.o(.text.RS485_SendFrame)
    RS485_SendResponse                       0x080035a9   Thumb Code   104  rs485.o(.text.RS485_SendResponse)
    RS485_StartReceive                       0x08003611   Thumb Code    30  rs485.o(.text.RS485_StartReceive)
    RS485_TransmitReceive                    0x08003631   Thumb Code   146  sensor.o(.text.RS485_TransmitReceive)
    RS485_UART_RxCpltCallback                0x080036c5   Thumb Code   280  rs485.o(.text.RS485_UART_RxCpltCallback)
    RegisterAllCommandHandlers               0x080037dd   Thumb Code    70  command_handler.o(.text.RegisterAllCommandHandlers)
    SVC_Handler                              0x08003825   Thumb Code     2  stm32f1xx_it.o(.text.SVC_Handler)
    SysTick_Handler                          0x08003829   Thumb Code     4  stm32f1xx_it.o(.text.SysTick_Handler)
    SystemInit                               0x0800382d   Thumb Code     2  system_stm32f1xx.o(.text.SystemInit)
    USART1_IRQHandler                        0x0800393d   Thumb Code    12  stm32f1xx_it.o(.text.USART1_IRQHandler)
    USART2_IRQHandler                        0x08003949   Thumb Code    12  stm32f1xx_it.o(.text.USART2_IRQHandler)
    UsageFault_Handler                       0x08003955   Thumb Code     2  stm32f1xx_it.o(.text.UsageFault_Handler)
    WindSensor_GetSpeed                      0x08003959   Thumb Code     4  sensor.o(.text.WindSensor_GetSpeed)
    WindSensor_Init                          0x0800395d   Thumb Code    22  sensor.o(.text.WindSensor_Init)
    WindSensor_Update                        0x08003975   Thumb Code   126  sensor.o(.text.WindSensor_Update)
    main                                     0x080039f5   Thumb Code   404  main.o(.text.main)
    __scatterload_copy                       0x08003b89   Thumb Code    14  handlers.o(i.__scatterload_copy)
    __scatterload_null                       0x08003b97   Thumb Code     2  handlers.o(i.__scatterload_null)
    __scatterload_zeroinit                   0x08003b99   Thumb Code    14  handlers.o(i.__scatterload_zeroinit)
    AHBPrescTable                            0x08003ba6   Data          16  system_stm32f1xx.o(.rodata.AHBPrescTable)
    APBPrescTable                            0x08003bb6   Data           8  system_stm32f1xx.o(.rodata.APBPrescTable)
    Region$$Table$$Base                      0x08003bd0   Number         0  anon$$obj.o(Region$$Table)
    Region$$Table$$Limit                     0x08003bf0   Number         0  anon$$obj.o(Region$$Table)
    uwTickFreq                               0x20000000   Data           1  stm32f1xx_hal.o(.data..L_MergedGlobals)
    uwTickPrio                               0x20000004   Data           4  stm32f1xx_hal.o(.data..L_MergedGlobals)
    SystemCoreClock                          0x20000008   Data           4  system_stm32f1xx.o(.data.SystemCoreClock)
    last_read_time                           0x20000010   Data           4  main.o(.bss..L_MergedGlobals)
    current_time                             0x20000014   Data           4  main.o(.bss..L_MergedGlobals)
    wind_sensor                              0x20000018   Data          24  main.o(.bss..L_MergedGlobals)
    pwm1                                     0x20000030   Data          28  main.o(.bss..L_MergedGlobals)
    pwm2                                     0x2000004c   Data          28  main.o(.bss..L_MergedGlobals)
    config_page1                             0x20000468   Data          64  config_flash.o(.bss.config_page1)
    hrs485                                   0x200004a8   Data         544  main.o(.bss.hrs485)
    hrs485_2                                 0x200006c8   Data         544  main.o(.bss.hrs485_2)
    htim1                                    0x200008e8   Data          72  tim.o(.bss.htim1)
    htim2                                    0x20000930   Data          72  tim.o(.bss.htim2)
    huart1                                   0x20000978   Data          72  usart.o(.bss.huart1)
    huart2                                   0x200009c0   Data          72  usart.o(.bss.huart2)
    huart3                                   0x20000a08   Data          72  usart.o(.bss.huart3)
    pFlash                                   0x20000a50   Data          32  stm32f1xx_hal_flash.o(.bss.pFlash)
    uwTick                                   0x20000a70   Data           4  stm32f1xx_hal.o(.bss.uwTick)
    __initial_sp                             0x20000e78   Data           0  startup_stm32f103xb.o(STACK)



==============================================================================

Memory Map of the image

  Image Entry point : 0x080000ed

  Load Region LR_IROM1 (Base: 0x08000000, Size: 0x00003c00, Max: 0x00020000, ABSOLUTE)

    Execution Region ER_IROM1 (Exec base: 0x08000000, Load base: 0x08000000, Size: 0x00003bf0, Max: 0x00020000, ABSOLUTE)

    Exec Addr    Load Addr    Size         Type   Attr      Idx    E Section Name        Object

    0x08000000   0x08000000   0x000000ec   Data   RO            3    RESET               startup_stm32f103xb.o
    0x080000ec   0x080000ec   0x00000000   Code   RO         1048  * .ARM.Collect$$$$00000000  mc_w.l(entry.o)
    0x080000ec   0x080000ec   0x00000004   Code   RO         1105    .ARM.Collect$$$$00000001  mc_w.l(entry2.o)
    0x080000f0   0x080000f0   0x00000004   Code   RO         1108    .ARM.Collect$$$$00000004  mc_w.l(entry5.o)
    0x080000f4   0x080000f4   0x00000000   Code   RO         1110    .ARM.Collect$$$$00000008  mc_w.l(entry7b.o)
    0x080000f4   0x080000f4   0x00000000   Code   RO         1112    .ARM.Collect$$$$0000000A  mc_w.l(entry8b.o)
    0x080000f4   0x080000f4   0x00000008   Code   RO         1113    .ARM.Collect$$$$0000000B  mc_w.l(entry9a.o)
    0x080000fc   0x080000fc   0x00000000   Code   RO         1115    .ARM.Collect$$$$0000000D  mc_w.l(entry10a.o)
    0x080000fc   0x080000fc   0x00000000   Code   RO         1117    .ARM.Collect$$$$0000000F  mc_w.l(entry11a.o)
    0x080000fc   0x080000fc   0x00000004   Code   RO         1106    .ARM.Collect$$$$00002712  mc_w.l(entry2.o)
    0x08000100   0x08000100   0x00000024   Code   RO            4    .text               startup_stm32f103xb.o
    0x08000124   0x08000124   0x00000024   Code   RO         1051    .text               mc_w.l(memcpya.o)
    0x08000148   0x08000148   0x00000024   Code   RO         1053    .text               mc_w.l(memseta.o)
    0x0800016c   0x0800016c   0x00000064   Code   RO         1087    .text               mf_w.l(fmul.o)
    0x080001d0   0x080001d0   0x0000007c   Code   RO         1089    .text               mf_w.l(fdiv.o)
    0x0800024c   0x0800024c   0x0000001c   Code   RO         1091    .text               mf_w.l(fcmple.o)
    0x08000268   0x08000268   0x0000001c   Code   RO         1093    .text               mf_w.l(fcmplt.o)
    0x08000284   0x08000284   0x0000001c   Code   RO         1095    .text               mf_w.l(fcmpgt.o)
    0x080002a0   0x080002a0   0x0000001c   Code   RO         1097    .text               mf_w.l(fcmpeq.o)
    0x080002bc   0x080002bc   0x0000000a   Code   RO         1099    .text               mf_w.l(ffltui.o)
    0x080002c6   0x080002c6   0x00000032   Code   RO         1101    .text               mf_w.l(ffixi.o)
    0x080002f8   0x080002f8   0x00000028   Code   RO         1103    .text               mf_w.l(ffixui.o)
    0x08000320   0x08000320   0x00000000   Code   RO         1137    .text               mc_w.l(iusefp.o)
    0x08000320   0x08000320   0x0000006e   Code   RO         1138    .text               mf_w.l(fepilogue.o)
    0x0800038e   0x0800038e   0x00000002   PAD
    0x08000390   0x08000390   0x00000024   Code   RO         1150    .text               mc_w.l(init.o)
    0x080003b4   0x080003b4   0x00000002   Code   RO           87    .text.BusFault_Handler  stm32f1xx_it.o
    0x080003b6   0x080003b6   0x00000002   PAD
    0x080003b8   0x080003b8   0x0000009c   Code   RO          986    .text.CommandHandler_Control  command_handler.o
    0x08000454   0x08000454   0x00000068   Code   RO          984    .text.CommandHandler_INFORMATION  command_handler.o
    0x080004bc   0x080004bc   0x00000058   Code   RO          988    .text.CommandHandler_ReadData  command_handler.o
    0x08000514   0x08000514   0x00000052   Code   RO          990    .text.CommandHandler_WriteData  command_handler.o
    0x08000566   0x08000566   0x00000002   PAD
    0x08000568   0x08000568   0x000000fa   Code   RO         1030    .text.Config_ReadFromFlash  config_flash.o
    0x08000662   0x08000662   0x00000002   PAD
    0x08000664   0x08000664   0x0000001c   Code   RO         1036    .text.Config_ReadPage1  config_flash.o
    0x08000680   0x08000680   0x00000048   Code   RO         1038    .text.Config_WritePage1  config_flash.o
    0x080006c8   0x080006c8   0x0000015a   Code   RO         1034    .text.Config_WriteToFlash  config_flash.o
    0x08000822   0x08000822   0x00000002   PAD
    0x08000824   0x08000824   0x00000002   Code   RO           93    .text.DebugMon_Handler  stm32f1xx_it.o
    0x08000826   0x08000826   0x00000002   PAD
    0x08000828   0x08000828   0x0000000a   Code   RO           15    .text.Error_Handler  main.o
    0x08000832   0x08000832   0x00000002   PAD
    0x08000834   0x08000834   0x000000e0   Code   RO          706    .text.FLASH_WaitForLastOperation  stm32f1xx_hal_flash.o
    0x08000914   0x08000914   0x00000046   Code   RO          596    .text.HAL_DMA_Abort  stm32f1xx_hal_dma.o
    0x0800095a   0x0800095a   0x00000002   PAD
    0x0800095c   0x0800095c   0x000000b2   Code   RO          598    .text.HAL_DMA_Abort_IT  stm32f1xx_hal_dma.o
    0x08000a0e   0x08000a0e   0x00000002   PAD
    0x08000a10   0x08000a10   0x00000028   Code   RO          472    .text.HAL_Delay     stm32f1xx_hal.o
    0x08000a38   0x08000a38   0x000000ee   Code   RO          737    .text.HAL_FLASHEx_Erase  stm32f1xx_hal_flash_ex.o
    0x08000b26   0x08000b26   0x00000002   PAD
    0x08000b28   0x08000b28   0x00000014   Code   RO          718    .text.HAL_FLASH_Lock  stm32f1xx_hal_flash.o
    0x08000b3c   0x08000b3c   0x000000ac   Code   RO          704    .text.HAL_FLASH_Program  stm32f1xx_hal_flash.o
    0x08000be8   0x08000be8   0x0000002e   Code   RO          716    .text.HAL_FLASH_Unlock  stm32f1xx_hal_flash.o
    0x08000c16   0x08000c16   0x00000002   PAD
    0x08000c18   0x08000c18   0x0000021a   Code   RO          564    .text.HAL_GPIO_Init  stm32f1xx_hal_gpio.o
    0x08000e32   0x08000e32   0x00000002   PAD
    0x08000e34   0x08000e34   0x00000010   Code   RO          572    .text.HAL_GPIO_TogglePin  stm32f1xx_hal_gpio.o
    0x08000e44   0x08000e44   0x0000000a   Code   RO          570    .text.HAL_GPIO_WritePin  stm32f1xx_hal_gpio.o
    0x08000e4e   0x08000e4e   0x00000002   PAD
    0x08000e50   0x08000e50   0x0000000c   Code   RO          464    .text.HAL_GetTick   stm32f1xx_hal.o
    0x08000e5c   0x08000e5c   0x0000001a   Code   RO          462    .text.HAL_IncTick   stm32f1xx_hal.o
    0x08000e76   0x08000e76   0x00000002   PAD
    0x08000e78   0x08000e78   0x00000026   Code   RO          452    .text.HAL_Init      stm32f1xx_hal.o
    0x08000e9e   0x08000e9e   0x00000002   PAD
    0x08000ea0   0x08000ea0   0x00000048   Code   RO          454    .text.HAL_InitTick  stm32f1xx_hal.o
    0x08000ee8   0x08000ee8   0x00000042   Code   RO          110    .text.HAL_MspInit   stm32f1xx_hal_msp.o
    0x08000f2a   0x08000f2a   0x00000002   PAD
    0x08000f2c   0x08000f2c   0x00000026   Code   RO          624    .text.HAL_NVIC_EnableIRQ  stm32f1xx_hal_cortex.o
    0x08000f52   0x08000f52   0x00000002   PAD
    0x08000f54   0x08000f54   0x00000056   Code   RO          622    .text.HAL_NVIC_SetPriority  stm32f1xx_hal_cortex.o
    0x08000faa   0x08000faa   0x00000002   PAD
    0x08000fac   0x08000fac   0x00000020   Code   RO          620    .text.HAL_NVIC_SetPriorityGrouping  stm32f1xx_hal_cortex.o
    0x08000fcc   0x08000fcc   0x000001be   Code   RO          516    .text.HAL_RCC_ClockConfig  stm32f1xx_hal_rcc.o
    0x0800118a   0x0800118a   0x00000002   PAD
    0x0800118c   0x0800118c   0x00000026   Code   RO          528    .text.HAL_RCC_GetPCLK1Freq  stm32f1xx_hal_rcc.o
    0x080011b2   0x080011b2   0x00000002   PAD
    0x080011b4   0x080011b4   0x00000026   Code   RO          530    .text.HAL_RCC_GetPCLK2Freq  stm32f1xx_hal_rcc.o
    0x080011da   0x080011da   0x00000002   PAD
    0x080011dc   0x080011dc   0x000003b4   Code   RO          514    .text.HAL_RCC_OscConfig  stm32f1xx_hal_rcc.o
    0x08001590   0x08001590   0x0000002c   Code   RO          632    .text.HAL_SYSTICK_Config  stm32f1xx_hal_cortex.o
    0x080015bc   0x080015bc   0x0000004c   Code   RO          430    .text.HAL_TIMEx_ConfigBreakDeadTime  stm32f1xx_hal_tim_ex.o
    0x08001608   0x08001608   0x0000007a   Code   RO          428    .text.HAL_TIMEx_MasterConfigSynchronization  stm32f1xx_hal_tim_ex.o
    0x08001682   0x08001682   0x00000002   PAD
    0x08001684   0x08001684   0x000000ec   Code   RO          133    .text.HAL_TIM_Base_Init  stm32f1xx_hal_tim.o
    0x08001770   0x08001770   0x00000052   Code   RO           46    .text.HAL_TIM_Base_MspInit  tim.o
    0x080017c2   0x080017c2   0x00000002   PAD
    0x080017c4   0x080017c4   0x0000019c   Code   RO          313    .text.HAL_TIM_ConfigClockSource  stm32f1xx_hal_tim.o
    0x08001960   0x08001960   0x0000020c   Code   RO          287    .text.HAL_TIM_PWM_ConfigChannel  stm32f1xx_hal_tim.o
    0x08001b6c   0x08001b6c   0x000000ec   Code   RO          187    .text.HAL_TIM_PWM_Init  stm32f1xx_hal_tim.o
    0x08001c58   0x08001c58   0x00000002   Code   RO          189    .text.HAL_TIM_PWM_MspInit  stm32f1xx_hal_tim.o
    0x08001c5a   0x08001c5a   0x00000002   PAD
    0x08001c5c   0x08001c5c   0x000000de   Code   RO          195    .text.HAL_TIM_PWM_Start  stm32f1xx_hal_tim.o
    0x08001d3a   0x08001d3a   0x00000002   PAD
    0x08001d3c   0x08001d3c   0x000000b2   Code   RO          197    .text.HAL_TIM_PWM_Stop  stm32f1xx_hal_tim.o
    0x08001dee   0x08001dee   0x00000002   PAD
    0x08001df0   0x08001df0   0x00000002   Code   RO          869    .text.HAL_UARTEx_RxEventCallback  stm32f1xx_hal_uart.o
    0x08001df2   0x08001df2   0x00000002   PAD
    0x08001df4   0x08001df4   0x00000002   Code   RO          867    .text.HAL_UART_ErrorCallback  stm32f1xx_hal_uart.o
    0x08001df6   0x08001df6   0x00000002   PAD
    0x08001df8   0x08001df8   0x00000560   Code   RO          861    .text.HAL_UART_IRQHandler  stm32f1xx_hal_uart.o
    0x08002358   0x08002358   0x000000e2   Code   RO          785    .text.HAL_UART_Init  stm32f1xx_hal_uart.o
    0x0800243a   0x0800243a   0x00000002   PAD
    0x0800243c   0x0800243c   0x00000184   Code   RO           66    .text.HAL_UART_MspInit  usart.o
    0x080025c0   0x080025c0   0x000001b0   Code   RO          801    .text.HAL_UART_Receive  stm32f1xx_hal_uart.o
    0x08002770   0x08002770   0x00000052   Code   RO          805    .text.HAL_UART_Receive_IT  stm32f1xx_hal_uart.o
    0x080027c2   0x080027c2   0x00000002   PAD
    0x080027c4   0x080027c4   0x0000001c   Code   RO           17    .text.HAL_UART_RxCpltCallback  main.o
    0x080027e0   0x080027e0   0x00000278   Code   RO          799    .text.HAL_UART_Transmit  stm32f1xx_hal_uart.o
    0x08002a58   0x08002a58   0x00000002   Code   RO          871    .text.HAL_UART_TxCpltCallback  stm32f1xx_hal_uart.o
    0x08002a5a   0x08002a5a   0x00000002   PAD
    0x08002a5c   0x08002a5c   0x00000002   Code   RO           83    .text.HardFault_Handler  stm32f1xx_it.o
    0x08002a5e   0x08002a5e   0x00000002   PAD
    0x08002a60   0x08002a60   0x0000009c   Code   RO           31    .text.MX_GPIO_Init  gpio.o
    0x08002afc   0x08002afc   0x00000158   Code   RO           40    .text.MX_TIM1_Init  tim.o
    0x08002c54   0x08002c54   0x00000072   Code   RO           44    .text.MX_TIM2_Init  tim.o
    0x08002cc6   0x08002cc6   0x00000002   PAD
    0x08002cc8   0x08002cc8   0x0000003c   Code   RO           60    .text.MX_USART1_UART_Init  usart.o
    0x08002d04   0x08002d04   0x0000003c   Code   RO           62    .text.MX_USART2_UART_Init  usart.o
    0x08002d40   0x08002d40   0x0000003c   Code   RO           64    .text.MX_USART3_UART_Init  usart.o
    0x08002d7c   0x08002d7c   0x00000002   Code   RO           85    .text.MemManage_Handler  stm32f1xx_it.o
    0x08002d7e   0x08002d7e   0x00000002   PAD
    0x08002d80   0x08002d80   0x00000002   Code   RO           81    .text.NMI_Handler   stm32f1xx_it.o
    0x08002d82   0x08002d82   0x00000002   PAD
    0x08002d84   0x08002d84   0x00000004   Code   RO          932    .text.PWM_GetDutyCycle  pwm_controller.o
    0x08002d88   0x08002d88   0x0000006c   Code   RO          920    .text.PWM_Init      pwm_controller.o
    0x08002df4   0x08002df4   0x00000070   Code   RO          924    .text.PWM_SetDutyCycle  pwm_controller.o
    0x08002e64   0x08002e64   0x000000e6   Code   RO          922    .text.PWM_SetFrequency  pwm_controller.o
    0x08002f4a   0x08002f4a   0x00000002   PAD
    0x08002f4c   0x08002f4c   0x00000018   Code   RO          926    .text.PWM_Start     pwm_controller.o
    0x08002f64   0x08002f64   0x00000018   Code   RO          928    .text.PWM_Stop      pwm_controller.o
    0x08002f7c   0x08002f7c   0x00000002   Code   RO           95    .text.PendSV_Handler  stm32f1xx_it.o
    0x08002f7e   0x08002f7e   0x00000002   PAD
    0x08002f80   0x08002f80   0x00000140   Code   RO          953    .text.RS485_Frame_CalculateCRC16  rs485.o
    0x080030c0   0x080030c0   0x00000254   Code   RO          973    .text.RS485_Frame_Serialize  rs485.o
    0x08003314   0x08003314   0x00000168   Code   RO          961    .text.RS485_Frame_ValidateCRC16  rs485.o
    0x0800347c   0x0800347c   0x00000038   Code   RO          955    .text.RS485_Init    rs485.o
    0x080034b4   0x080034b4   0x00000054   Code   RO          963    .text.RS485_ProcessReceivedFrame  rs485.o
    0x08003508   0x08003508   0x0000000e   Code   RO          965    .text.RS485_RegisterCommandHandler  rs485.o
    0x08003516   0x08003516   0x00000002   PAD
    0x08003518   0x08003518   0x00000090   Code   RO          971    .text.RS485_SendFrame  rs485.o
    0x080035a8   0x080035a8   0x00000068   Code   RO          967    .text.RS485_SendResponse  rs485.o
    0x08003610   0x08003610   0x0000001e   Code   RO          957    .text.RS485_StartReceive  rs485.o
    0x0800362e   0x0800362e   0x00000002   PAD
    0x08003630   0x08003630   0x00000092   Code   RO         1006    .text.RS485_TransmitReceive  sensor.o
    0x080036c2   0x080036c2   0x00000002   PAD
    0x080036c4   0x080036c4   0x00000118   Code   RO          959    .text.RS485_UART_RxCpltCallback  rs485.o
    0x080037dc   0x080037dc   0x00000046   Code   RO          992    .text.RegisterAllCommandHandlers  command_handler.o
    0x08003822   0x08003822   0x00000002   PAD
    0x08003824   0x08003824   0x00000002   Code   RO           91    .text.SVC_Handler   stm32f1xx_it.o
    0x08003826   0x08003826   0x00000002   PAD
    0x08003828   0x08003828   0x00000004   Code   RO           97    .text.SysTick_Handler  stm32f1xx_it.o
    0x0800382c   0x0800382c   0x00000002   Code   RO          905    .text.SystemInit    system_stm32f1xx.o
    0x0800382e   0x0800382e   0x00000002   PAD
    0x08003830   0x08003830   0x0000000c   Code   RO          865    .text.UART_DMAAbortOnError  stm32f1xx_hal_uart.o
    0x0800383c   0x0800383c   0x000000fe   Code   RO          863    .text.UART_Receive_IT  stm32f1xx_hal_uart.o
    0x0800393a   0x0800393a   0x00000002   PAD
    0x0800393c   0x0800393c   0x0000000c   Code   RO           99    .text.USART1_IRQHandler  stm32f1xx_it.o
    0x08003948   0x08003948   0x0000000c   Code   RO          101    .text.USART2_IRQHandler  stm32f1xx_it.o
    0x08003954   0x08003954   0x00000002   Code   RO           89    .text.UsageFault_Handler  stm32f1xx_it.o
    0x08003956   0x08003956   0x00000002   PAD
    0x08003958   0x08003958   0x00000004   Code   RO         1010    .text.WindSensor_GetSpeed  sensor.o
    0x0800395c   0x0800395c   0x00000016   Code   RO         1002    .text.WindSensor_Init  sensor.o
    0x08003972   0x08003972   0x00000002   PAD
    0x08003974   0x08003974   0x0000007e   Code   RO         1008    .text.WindSensor_Update  sensor.o
    0x080039f2   0x080039f2   0x00000002   PAD
    0x080039f4   0x080039f4   0x00000194   Code   RO           11    .text.main          main.o
    0x08003b88   0x08003b88   0x0000000e   Code   RO         1164    i.__scatterload_copy  mc_w.l(handlers.o)
    0x08003b96   0x08003b96   0x00000002   Code   RO         1165    i.__scatterload_null  mc_w.l(handlers.o)
    0x08003b98   0x08003b98   0x0000000e   Code   RO         1166    i.__scatterload_zeroinit  mc_w.l(handlers.o)
    0x08003ba6   0x08003ba6   0x00000010   Data   RO          910    .rodata.AHBPrescTable  system_stm32f1xx.o
    0x08003bb6   0x08003bb6   0x00000008   Data   RO          911    .rodata.APBPrescTable  system_stm32f1xx.o
    0x08003bbe   0x08003bbe   0x00000002   Data   RO          541    .rodata.HAL_RCC_GetSysClockFreq.aPredivFactorTable  stm32f1xx_hal_rcc.o
    0x08003bc0   0x08003bc0   0x00000010   Data   RO          540    .rodata.cst16       stm32f1xx_hal_rcc.o
    0x08003bd0   0x08003bd0   0x00000020   Data   RO         1163    Region$$Table       anon$$obj.o


    Execution Region RW_IRAM1 (Exec base: 0x20000000, Load base: 0x08003bf0, Size: 0x00000e78, Max: 0x00005000, ABSOLUTE)

    Exec Addr    Load Addr    Size         Type   Attr      Idx    E Section Name        Object

    0x20000000   0x08003bf0   0x00000008   Data   RW          503    .data..L_MergedGlobals  stm32f1xx_hal.o
    0x20000008   0x08003bf8   0x00000004   Data   RW          909    .data.SystemCoreClock  system_stm32f1xx.o
    0x2000000c   0x08003bfc   0x00000004   PAD
    0x20000010        -       0x00000058   Zero   RW           22    .bss..L_MergedGlobals  main.o
    0x20000068        -       0x00000400   Zero   RW          975    .bss.command_handlers  rs485.o
    0x20000468        -       0x00000040   Zero   RW         1040    .bss.config_page1   config_flash.o
    0x200004a8        -       0x00000220   Zero   RW           19    .bss.hrs485         main.o
    0x200006c8        -       0x00000220   Zero   RW           20    .bss.hrs485_2       main.o
    0x200008e8        -       0x00000048   Zero   RW           50    .bss.htim1          tim.o
    0x20000930        -       0x00000048   Zero   RW           51    .bss.htim2          tim.o
    0x20000978        -       0x00000048   Zero   RW           70    .bss.huart1         usart.o
    0x200009c0        -       0x00000048   Zero   RW           71    .bss.huart2         usart.o
    0x20000a08        -       0x00000048   Zero   RW           72    .bss.huart3         usart.o
    0x20000a50        -       0x00000020   Zero   RW          728    .bss.pFlash         stm32f1xx_hal_flash.o
    0x20000a70        -       0x00000004   Zero   RW          502    .bss.uwTick         stm32f1xx_hal.o
    0x20000a74   0x08003bfc   0x00000004   PAD
    0x20000a78        -       0x00000400   Zero   RW            1    STACK               startup_stm32f103xb.o


==============================================================================

Image component sizes


      Code (inc. data)   RO Data    RW Data    ZI Data      Debug   Object Name

       500          0          0          0          0       7334   command_handler.o
       696          0          0          0         64       4643   config_flash.o
       156          0          0          0          0       1539   gpio.o
       442          0          0          0       1176       7771   main.o
       502          0          0          0          0       6265   pwm_controller.o
      1988         12          0          0       1024      11861   rs485.o
       298          0          0          0          0       6279   sensor.o
        36          8        236          0       1024        776   startup_stm32f103xb.o
       188          0          0          8          4       5734   stm32f1xx_hal.o
       200          0          0          0          0       8492   stm32f1xx_hal_cortex.o
       248          0          0          0          0       8431   stm32f1xx_hal_dma.o
       462          0          0          0         32       5517   stm32f1xx_hal_flash.o
       238          0          0          0          0       6954   stm32f1xx_hal_flash_ex.o
       564         22          0          0          0       4562   stm32f1xx_hal_gpio.o
        66          0          0          0          0       1189   stm32f1xx_hal_msp.o
      1470          0         18          0          0       7664   stm32f1xx_hal_rcc.o
      1810          6          0          0          0      55151   stm32f1xx_hal_tim.o
       198          0          0          0          0      20718   stm32f1xx_hal_tim_ex.o
      3020          0          0          0          0      32323   stm32f1xx_hal_uart.o
        44          0          0          0          0       3926   stm32f1xx_it.o
         2          0         24          4          0       1614   system_stm32f1xx.o
       540          0          0          0        144       6187   tim.o
       568          0          0          0        216       6120   usart.o

    ----------------------------------------------------------------------
     14328         48        310         12       3692     221050   Object Totals
         0          0         32          0          0          0   (incl. Generated)
        92          0          0          0          8          0   (incl. Padding)

    ----------------------------------------------------------------------

      Code (inc. data)   RO Data    RW Data    ZI Data      Debug   Library Member Name

         0          0          0          0          0          0   entry.o
         0          0          0          0          0          0   entry10a.o
         0          0          0          0          0          0   entry11a.o
         8          4          0          0          0          0   entry2.o
         4          0          0          0          0          0   entry5.o
         0          0          0          0          0          0   entry7b.o
         0          0          0          0          0          0   entry8b.o
         8          4          0          0          0          0   entry9a.o
        30          0          0          0          0          0   handlers.o
        36          8          0          0          0         68   init.o
         0          0          0          0          0          0   iusefp.o
        36          0          0          0          0         68   memcpya.o
        36          0          0          0          0        108   memseta.o
        28          0          0          0          0         68   fcmpeq.o
        28          0          0          0          0         68   fcmpgt.o
        28          0          0          0          0         68   fcmple.o
        28          0          0          0          0         68   fcmplt.o
       124          0          0          0          0         88   fdiv.o
       110          0          0          0          0        168   fepilogue.o
        50          0          0          0          0         68   ffixi.o
        40          0          0          0          0         68   ffixui.o
        10          0          0          0          0         68   ffltui.o
       100          0          0          0          0         76   fmul.o

    ----------------------------------------------------------------------
       706         16          0          0          0       1052   Library Totals
         2          0          0          0          0          0   (incl. Padding)

    ----------------------------------------------------------------------

      Code (inc. data)   RO Data    RW Data    ZI Data      Debug   Library Name

       158         16          0          0          0        244   mc_w.l
       546          0          0          0          0        808   mf_w.l

    ----------------------------------------------------------------------
       706         16          0          0          0       1052   Library Totals

    ----------------------------------------------------------------------

==============================================================================


      Code (inc. data)   RO Data    RW Data    ZI Data      Debug   

     15034         64        310         12       3692     221366   Grand Totals
     15034         64        310         12       3692     221366   ELF Image Totals
     15034         64        310         12          0          0   ROM Totals

==============================================================================

    Total RO  Size (Code + RO Data)                15344 (  14.98kB)
    Total RW  Size (RW Data + ZI Data)              3704 (   3.62kB)
    Total ROM Size (Code + RO Data + RW Data)      15356 (  15.00kB)

==============================================================================

